Component: ARM Compiler 5.06 update 7 (build 960) Tool: armlink [4d3601]

==============================================================================

Section Cross References

    startup_stm32f103xe.o(RESET) refers to startup_stm32f103xe.o(STACK) for __initial_sp
    startup_stm32f103xe.o(RESET) refers to startup_stm32f103xe.o(.text) for Reset_Handler
    startup_stm32f103xe.o(RESET) refers to stm32f1xx_it.o(i.NMI_Handler) for NMI_Handler
    startup_stm32f103xe.o(RESET) refers to stm32f1xx_it.o(i.HardFault_Handler) for HardFault_Handler
    startup_stm32f103xe.o(RESET) refers to stm32f1xx_it.o(i.MemManage_Handler) for MemManage_Handler
    startup_stm32f103xe.o(RESET) refers to stm32f1xx_it.o(i.BusFault_Handler) for BusFault_Handler
    startup_stm32f103xe.o(RESET) refers to stm32f1xx_it.o(i.UsageFault_Handler) for UsageFault_Handler
    startup_stm32f103xe.o(RESET) refers to port.o(.emb_text) for SVC_Handler
    startup_stm32f103xe.o(RESET) refers to stm32f1xx_it.o(i.DebugMon_Handler) for DebugMon_Handler
    startup_stm32f103xe.o(RESET) refers to port.o(i.SysTick_Handler) for SysTick_Handler
    startup_stm32f103xe.o(RESET) refers to stm32f1xx_it.o(i.USART1_IRQHandler) for USART1_IRQHandler
    startup_stm32f103xe.o(RESET) refers to gt9xx.o(i.EXTI15_10_IRQHandler) for EXTI15_10_IRQHandler
    startup_stm32f103xe.o(RESET) refers to stm32f1xx_it.o(i.TIM7_IRQHandler) for TIM7_IRQHandler
    startup_stm32f103xe.o(.text) refers to system_stm32f1xx.o(i.SystemInit) for SystemInit
    startup_stm32f103xe.o(.text) refers to entry.o(.ARM.Collect$$$$00000000) for __main
    protocol.o(i.Protocol_AdjParm_Decode) refers to strlen.o(.text) for strlen
    protocol.o(i.Protocol_AdjParm_Decode) refers to memcmp.o(.text) for memcmp
    protocol.o(i.Protocol_AdjParm_Decode) refers to atoi.o(.text) for atoi
    protocol.o(i.Protocol_AdjParm_Decode) refers to protocol.o(.bss) for .bss
    protocol.o(i.Protocol_AdjParm_SetPointer) refers to protocol.o(.data) for .data
    protocol.o(i.Protocol_AdjParm_SetPointer) refers to protocol.o(.bss) for .bss
    protocol.o(i.Protocol_Decode) refers to memcmp.o(.text) for memcmp
    protocol.o(i.Protocol_Decode) refers to printf8.o(i.__0printf$8) for __2printf
    protocol.o(i.Protocol_Decode) refers to atoi.o(.text) for atoi
    protocol.o(i.Protocol_Decode) refers to rtc.o(i.RTC_Set_UnixTime) for RTC_Set_UnixTime
    unix.o(i.HardRTC_GetUnixCalendar) refers to stm32f1xx_hal_rtc.o(i.HAL_RTC_GetTime) for HAL_RTC_GetTime
    unix.o(i.HardRTC_GetUnixCalendar) refers to stm32f1xx_hal_rtc.o(i.HAL_RTC_GetDate) for HAL_RTC_GetDate
    unix.o(i.HardRTC_GetUnixCalendar) refers to unix.o(i.YMD_To_Unix_Time) for YMD_To_Unix_Time
    unix.o(i.HardRTC_GetUnixCalendar) refers to rtc.o(.bss) for hrtc
    unix.o(i.HardRTC_GetUnixCalendar) refers to unix.o(.data) for .data
    unix.o(i.Unix_To_YMD_Time) refers to unix.o(i.applib_dt_is_leap_year) for applib_dt_is_leap_year
    unix.o(i.Unix_To_YMD_Time) refers to unix.o(i.applib_dt_last_day_of_mon) for applib_dt_last_day_of_mon
    unix.o(i.YMD_To_Unix_Time) refers to unix.o(i.applib_dt_is_leap_year) for applib_dt_is_leap_year
    unix.o(i.YMD_To_Unix_Time) refers to unix.o(i.applib_dt_last_day_of_mon) for applib_dt_last_day_of_mon
    unix.o(i.applib_dt_last_day_of_mon) refers to unix.o(i.applib_dt_is_leap_year) for applib_dt_is_leap_year
    unix.o(i.applib_dt_last_day_of_mon) refers to unix.o(.constdata) for .constdata
    main.o(i.HAL_TIM_PeriodElapsedCallback) refers to stm32f1xx_hal.o(i.HAL_IncTick) for HAL_IncTick
    main.o(i.SystemClock_Config) refers to memseta.o(.text) for __aeabi_memclr4
    main.o(i.SystemClock_Config) refers to stm32f1xx_hal_rcc.o(i.HAL_RCC_OscConfig) for HAL_RCC_OscConfig
    main.o(i.SystemClock_Config) refers to stm32f1xx_hal_rcc.o(i.HAL_RCC_ClockConfig) for HAL_RCC_ClockConfig
    main.o(i.SystemClock_Config) refers to stm32f1xx_hal_rcc_ex.o(i.HAL_RCCEx_PeriphCLKConfig) for HAL_RCCEx_PeriphCLKConfig
    main.o(i.SystemClock_Config) refers to stm32f1xx_hal_rcc.o(i.HAL_RCC_EnableCSS) for HAL_RCC_EnableCSS
    main.o(i.main) refers to stm32f1xx_hal.o(i.HAL_Init) for HAL_Init
    main.o(i.main) refers to main.o(i.SystemClock_Config) for SystemClock_Config
    main.o(i.main) refers to gpio.o(i.MX_GPIO_Init) for MX_GPIO_Init
    main.o(i.main) refers to rtc.o(i.MX_RTC_Init) for MX_RTC_Init
    main.o(i.main) refers to usart.o(i.MX_USART1_UART_Init) for MX_USART1_UART_Init
    main.o(i.main) refers to fsmc.o(i.MX_FSMC_Init) for MX_FSMC_Init
    main.o(i.main) refers to spi.o(i.MX_SPI2_Init) for MX_SPI2_Init
    main.o(i.main) refers to bsp_spi_flash.o(i.SPI_FLASH_Init) for SPI_FLASH_Init
    main.o(i.main) refers to fonts.o(i.font_init) for font_init
    main.o(i.main) refers to bsp_nt35510_lcd.o(i.NT35510_Init) for NT35510_Init
    main.o(i.main) refers to gt9xx.o(i.GTP_Init_Panel) for GTP_Init_Panel
    main.o(i.main) refers to freertos.o(i.MX_FREERTOS_Init) for MX_FREERTOS_Init
[...]
    _sputc                                   0x080055c3   Thumb Code    10  printf8.o(i._sputc)
    i.applib_dt_is_leap_year                 0x080055cc   Section        0  unix.o(i.applib_dt_is_leap_year)
    applib_dt_is_leap_year                   0x080055cd   Thumb Code    38  unix.o(i.applib_dt_is_leap_year)
    i.applib_dt_last_day_of_mon              0x080055f4   Section        0  unix.o(i.applib_dt_last_day_of_mon)
    applib_dt_last_day_of_mon                0x080055f5   Thumb Code    34  unix.o(i.applib_dt_last_day_of_mon)
    i.font_init                              0x0800561c   Section        0  fonts.o(i.font_init)
    i.fputc                                  0x0800565c   Section        0  usart.o(i.fputc)
    i.free                                   0x08005674   Section        0  malloc.o(i.free)
    i.i2c_Ack                                0x080056c4   Section        0  bsp_i2c_touch.o(i.i2c_Ack)
    i.i2c_Delay                              0x08005710   Section        0  bsp_i2c_touch.o(i.i2c_Delay)
    i2c_Delay                                0x08005711   Thumb Code    12  bsp_i2c_touch.o(i.i2c_Delay)
    i.i2c_NAck                               0x0800571c   Section        0  bsp_i2c_touch.o(i.i2c_NAck)
    i.i2c_ReadByte                           0x08005758   Section        0  bsp_i2c_touch.o(i.i2c_ReadByte)
    i.i2c_SendByte                           0x080057b0   Section        0  bsp_i2c_touch.o(i.i2c_SendByte)
    i.i2c_Start                              0x08005818   Section        0  bsp_i2c_touch.o(i.i2c_Start)
    i.i2c_Stop                               0x08005860   Section        0  bsp_i2c_touch.o(i.i2c_Stop)
    i.i2c_WaitAck                            0x08005898   Section        0  bsp_i2c_touch.o(i.i2c_WaitAck)
    i.main                                   0x080058e8   Section        0  main.o(i.main)
    i.makeFreeRtosPriority                   0x0800591e   Section        0  cmsis_os.o(i.makeFreeRtosPriority)
    makeFreeRtosPriority                     0x0800591f   Thumb Code    12  cmsis_os.o(i.makeFreeRtosPriority)
    i.malloc                                 0x0800592c   Section        0  malloc.o(i.malloc)
    i.osDelay                                0x08005998   Section        0  cmsis_os.o(i.osDelay)
    i.osKernelStart                          0x080059a6   Section        0  cmsis_os.o(i.osKernelStart)
    i.osThreadCreate                         0x080059b0   Section        0  cmsis_os.o(i.osThreadCreate)
    i.prvAddCurrentTaskToDelayedList         0x08005a04   Section        0  tasks.o(i.prvAddCurrentTaskToDelayedList)
    prvAddCurrentTaskToDelayedList           0x08005a05   Thumb Code   102  tasks.o(i.prvAddCurrentTaskToDelayedList)
    i.prvAddNewTaskToReadyList               0x08005a74   Section        0  tasks.o(i.prvAddNewTaskToReadyList)
    prvAddNewTaskToReadyList                 0x08005a75   Thumb Code   194  tasks.o(i.prvAddNewTaskToReadyList)
    i.prvDeleteTCB                           0x08005b44   Section        0  tasks.o(i.prvDeleteTCB)
    prvDeleteTCB                             0x08005b45   Thumb Code    52  tasks.o(i.prvDeleteTCB)
    i.prvHeapInit                            0x08005b78   Section        0  heap_4.o(i.prvHeapInit)
    prvHeapInit                              0x08005b79   Thumb Code    66  heap_4.o(i.prvHeapInit)
    i.prvIdleTask                            0x08005bc4   Section        0  tasks.o(i.prvIdleTask)
    prvIdleTask                              0x08005bc5   Thumb Code    82  tasks.o(i.prvIdleTask)
    i.prvInitialiseNewTask                   0x08005c24   Section        0  tasks.o(i.prvInitialiseNewTask)
    prvInitialiseNewTask                     0x08005c25   Thumb Code   142  tasks.o(i.prvInitialiseNewTask)
    i.prvInsertBlockIntoFreeList             0x08005cb4   Section        0  heap_4.o(i.prvInsertBlockIntoFreeList)
    prvInsertBlockIntoFreeList               0x08005cb5   Thumb Code    72  heap_4.o(i.prvInsertBlockIntoFreeList)
    i.prvResetNextTaskUnblockTime            0x08005d00   Section        0  tasks.o(i.prvResetNextTaskUnblockTime)
    prvResetNextTaskUnblockTime              0x08005d01   Thumb Code    26  tasks.o(i.prvResetNextTaskUnblockTime)
    i.prvTaskExitError                       0x08005d20   Section        0  port.o(i.prvTaskExitError)
    prvTaskExitError                         0x08005d21   Thumb Code    36  port.o(i.prvTaskExitError)
    i.pvPortMalloc                           0x08005d48   Section        0  heap_4.o(i.pvPortMalloc)
    i.pxPortInitialiseStack                  0x08005e20   Section        0  port.o(i.pxPortInitialiseStack)
    i.uxListRemove                           0x08005e44   Section        0  list.o(i.uxListRemove)
    i.vApplicationGetIdleTaskMemory          0x08005e6c   Section        0  freertos.o(i.vApplicationGetIdleTaskMemory)
    i.vListInitialise                        0x08005e80   Section        0  list.o(i.vListInitialise)
    i.vListInitialiseItem                    0x08005e96   Section        0  list.o(i.vListInitialiseItem)
    i.vListInsert                            0x08005e9c   Section        0  list.o(i.vListInsert)
    i.vListInsertEnd                         0x08005ecc   Section        0  list.o(i.vListInsertEnd)
    i.vPortEnterCritical                     0x08005ee4   Section        0  port.o(i.vPortEnterCritical)
    i.vPortExitCritical                      0x08005f24   Section        0  port.o(i.vPortExitCritical)
    i.vPortFree                              0x08005f4c   Section        0  heap_4.o(i.vPortFree)
    i.vPortSetupTimerInterrupt               0x08005fa8   Section        0  port.o(i.vPortSetupTimerInterrupt)
    i.vTaskDelay                             0x08005fcc   Section        0  tasks.o(i.vTaskDelay)
    i.vTaskStartScheduler                    0x08006018   Section        0  tasks.o(i.vTaskStartScheduler)
    i.vTaskSuspendAll                        0x08006084   Section        0  tasks.o(i.vTaskSuspendAll)
    i.vTaskSwitchContext                     0x08006094   Section        0  tasks.o(i.vTaskSwitchContext)
    i.xPortStartScheduler                    0x080060f0   Section        0  port.o(i.xPortStartScheduler)
    i.xTaskCreate                            0x08006198   Section        0  tasks.o(i.xTaskCreate)
    i.xTaskCreateStatic                      0x080061f2   Section        0  tasks.o(i.xTaskCreateStatic)
    i.xTaskIncrementTick                     0x08006248   Section        0  tasks.o(i.xTaskIncrementTick)
    i.xTaskResumeAll                         0x08006310   Section        0  tasks.o(i.xTaskResumeAll)
    .constdata                               0x080063d4   Section       12  unix.o(.constdata)
    .constdata                               0x080063e0   Section       56  freertos.o(.constdata)
    .constdata                               0x08006418   Section       16  system_stm32f1xx.o(.constdata)
    .constdata                               0x08006428   Section        8  system_stm32f1xx.o(.constdata)
    .constdata                               0x08006430   Section     6080  fonts.o(.constdata)
    .constdata                               0x08007bf0   Section     1140  fonts.o(.constdata)
    .constdata                               0x08008064   Section     1520  fonts.o(.constdata)
    .constdata                               0x08008654   Section     3420  fonts.o(.constdata)
    .constdata                               0x080093b0   Section    12160  fonts.o(.constdata)
    .constdata                               0x0800c330   Section      276  gt9xx.o(.constdata)
    .constdata                               0x0800c444   Section      129  ctype_o.o(.constdata)
    .constdata                               0x0800c4c8   Section        4  ctype_o.o(.constdata)
    table                                    0x0800c4c8   Data           4  ctype_o.o(.constdata)
    .conststring                             0x0800c4cc   Section       24  freertos.o(.conststring)
    .conststring                             0x0800c4e4   Section      161  gt9xx.o(.conststring)
    .data                                    0x20000000   Section       12  unix.o(.data)
    .data                                    0x2000000c   Section        8  freertos.o(.data)
    .data                                    0x20000014   Section        8  fsmc.o(.data)
    FSMC_Initialized                         0x20000014   Data           4  fsmc.o(.data)
    FSMC_DeInitialized                       0x20000018   Data           4  fsmc.o(.data)
    .data                                    0x2000001c   Section        3  usart.o(.data)
    .data                                    0x20000020   Section       12  stm32f1xx_hal.o(.data)
    .data                                    0x2000002c   Section        4  system_stm32f1xx.o(.data)
    .data                                    0x20000030   Section       60  tasks.o(.data)
    pxDelayedTaskList                        0x20000034   Data           4  tasks.o(.data)
    pxOverflowDelayedTaskList                0x20000038   Data           4  tasks.o(.data)
    uxDeletedTasksWaitingCleanUp             0x2000003c   Data           4  tasks.o(.data)
    uxCurrentNumberOfTasks                   0x20000040   Data           4  tasks.o(.data)
    xTickCount                               0x20000044   Data           4  tasks.o(.data)
    uxTopReadyPriority                       0x20000048   Data           4  tasks.o(.data)
    xSchedulerRunning                        0x2000004c   Data           4  tasks.o(.data)
    uxPendedTicks                            0x20000050   Data           4  tasks.o(.data)
    xYieldPending                            0x20000054   Data           4  tasks.o(.data)
    xNumOfOverflows                          0x20000058   Data           4  tasks.o(.data)
    uxTaskNumber                             0x2000005c   Data           4  tasks.o(.data)
    xNextTaskUnblockTime                     0x20000060   Data           4  tasks.o(.data)
    xIdleTaskHandle                          0x20000064   Data           4  tasks.o(.data)
    uxSchedulerSuspended                     0x20000068   Data           4  tasks.o(.data)
    .data                                    0x2000006c   Section       24  heap_4.o(.data)
    pxEnd                                    0x2000006c   Data           4  heap_4.o(.data)
    xFreeBytesRemaining                      0x20000070   Data           4  heap_4.o(.data)
    xMinimumEverFreeBytesRemaining           0x20000074   Data           4  heap_4.o(.data)
    xBlockAllocatedBit                       0x20000078   Data           4  heap_4.o(.data)
    xStart                                   0x2000007c   Data           8  heap_4.o(.data)
    .data                                    0x20000084   Section       12  port.o(.data)
    ucMaxSysCallPriority                     0x20000084   Data           1  port.o(.data)
    uxCriticalNesting                        0x20000088   Data           4  port.o(.data)
    ulMaxPRIGROUPValue                       0x2000008c   Data           4  port.o(.data)
    .data                                    0x20000090   Section       16  bsp_nt35510_lcd.o(.data)
    testCNT                                  0x20000091   Data           1  bsp_nt35510_lcd.o(.data)
    CurrentTextColor                         0x20000096   Data           2  bsp_nt35510_lcd.o(.data)
    CurrentBackColor                         0x20000098   Data           2  bsp_nt35510_lcd.o(.data)
    LCD_Currentfonts                         0x2000009c   Data           4  bsp_nt35510_lcd.o(.data)
    .data                                    0x200000a0   Section        4  bsp_spi_flash.o(.data)
    SPITimeout                               0x200000a0   Data           4  bsp_spi_flash.o(.data)
    .data                                    0x200000a4   Section        8  fonts.o(.data)
    .data                                    0x200000ac   Section        1  fonts.o(.data)
    everRead                                 0x200000ac   Data           1  fonts.o(.data)
    .data                                    0x200000ae   Section       30  gt9xx.o(.data)
    pre_touch                                0x200000b0   Data           2  gt9xx.o(.data)
    pre_id                                   0x200000b2   Data           5  gt9xx.o(.data)
    pre_x                                    0x200000b8   Data          10  gt9xx.o(.data)
    pre_y                                    0x200000c2   Data          10  gt9xx.o(.data)
    .data                                    0x200000cc   Section        8  palette.o(.data)
    .data                                    0x200000d4   Section        4  stdout.o(.data)
    .data                                    0x200000d8   Section        4  mvars.o(.data)
    .data                                    0x200000dc   Section        4  mvars.o(.data)
    .data                                    0x200000e0   Section        4  errno.o(.data)
    _errno                                   0x200000e0   Data           4  errno.o(.data)
    .bss                                     0x200000e4   Section      596  freertos.o(.bss)
    xIdleTaskTCBBuffer                       0x200000e4   Data          84  freertos.o(.bss)
    xIdleStack                               0x20000138   Data         512  freertos.o(.bss)
    .bss                                     0x20000338   Section       72  fsmc.o(.bss)
    .bss                                     0x20000380   Section       20  rtc.o(.bss)
    .bss                                     0x20000394   Section       88  spi.o(.bss)
    .bss                                     0x200003ec   Section      324  usart.o(.bss)
    .bss                                     0x20000530   Section       72  stm32f1xx_hal_timebase_tim.o(.bss)
    .bss                                     0x20000578   Section      240  tasks.o(.bss)
    pxReadyTasksLists                        0x20000578   Data         140  tasks.o(.bss)
    xDelayedTaskList1                        0x20000604   Data          20  tasks.o(.bss)
    xDelayedTaskList2                        0x20000618   Data          20  tasks.o(.bss)
    xPendingReadyList                        0x2000062c   Data          20  tasks.o(.bss)
    xTasksWaitingTermination                 0x20000640   Data          20  tasks.o(.bss)
    xSuspendedTaskList                       0x20000654   Data          20  tasks.o(.bss)
    .bss                                     0x20000668   Section     3072  heap_4.o(.bss)
    ucHeap                                   0x20000668   Data        3072  heap_4.o(.bss)
    .bss                                     0x20001268   Section    17550  bsp_nt35510_lcd.o(.bss)
    ucBuffer                                 0x20005676   Data         128  bsp_nt35510_lcd.o(.bss)
    .bss                                     0x200056f8   Section       88  bsp_spi_flash.o(.bss)
    .bss                                     0x20005750   Section       33  fonts.o(.bss)
    .bss                                     0x20005774   Section      432  palette.o(.bss)
    HEAP                                     0x20005928   Section      512  startup_stm32f103xe.o(HEAP)
    STACK                                    0x20005b28   Section     1024  startup_stm32f103xe.o(STACK)

    Global Symbols

    Symbol Name                              Value     Ov Type        Size  Object(Section)

    BuildAttributes$$THM_ISAv4$P$D$K$B$S$PE$A:L22UL41UL21$X:L11$S22US41US21$IEEE1$IW$USESV6$~STKCKD$USESV7$~SHL$OSPACE$ROPI$EBA8$MICROLIB$REQ8$PRES8$EABIv2 0x00000000   Number         0  anon$$obj.o ABSOLUTE
    __ARM_use_no_argv                        0x00000000   Number         0  main.o ABSOLUTE
    _printf_a                                0x00000000   Number         0  stubs.o ABSOLUTE
    _printf_c                                0x00000000   Number         0  stubs.o ABSOLUTE
    _printf_charcount                        0x00000000   Number         0  stubs.o ABSOLUTE
    _printf_d                                0x00000000   Number         0  stubs.o ABSOLUTE
    _printf_e                                0x00000000   Number         0  stubs.o ABSOLUTE
    _printf_f                                0x00000000   Number         0  stubs.o ABSOLUTE
    _printf_flags                            0x00000000   Number         0  stubs.o ABSOLUTE
    _printf_fp_dec                           0x00000000   Number         0  stubs.o ABSOLUTE
    _printf_fp_hex                           0x00000000   Number         0  stubs.o ABSOLUTE
    _printf_g                                0x00000000   Number         0  stubs.o ABSOLUTE
    _printf_i                                0x00000000   Number         0  stubs.o ABSOLUTE
    _printf_int_dec                          0x00000000   Number         0  stubs.o ABSOLUTE
    _printf_l                                0x00000000   Number         0  stubs.o ABSOLUTE
    _printf_lc                               0x00000000   Number         0  stubs.o ABSOLUTE
    _printf_ll                               0x00000000   Number         0  stubs.o ABSOLUTE
    _printf_lld                              0x00000000   Number         0  stubs.o ABSOLUTE
    _printf_lli                              0x00000000   Number         0  stubs.o ABSOLUTE
    _printf_llo                              0x00000000   Number         0  stubs.o ABSOLUTE
    _printf_llu                              0x00000000   Number         0  stubs.o ABSOLUTE
    _printf_llx                              0x00000000   Number         0  stubs.o ABSOLUTE
    _printf_longlong_dec                     0x00000000   Number         0  stubs.o ABSOLUTE
    _printf_longlong_hex                     0x00000000   Number         0  stubs.o ABSOLUTE
    _printf_longlong_oct                     0x00000000   Number         0  stubs.o ABSOLUTE
    _printf_ls                               0x00000000   Number         0  stubs.o ABSOLUTE
    _printf_mbtowc                           0x00000000   Number         0  stubs.o ABSOLUTE
    _printf_n                                0x00000000   Number         0  stubs.o ABSOLUTE
    _printf_o                                0x00000000   Number         0  stubs.o ABSOLUTE
    _printf_p                                0x00000000   Number         0  stubs.o ABSOLUTE
    _printf_percent                          0x00000000   Number         0  stubs.o ABSOLUTE
    _printf_pre_padding                      0x00000000   Number         0  stubs.o ABSOLUTE
    _printf_return_value                     0x00000000   Number         0  stubs.o ABSOLUTE
    _printf_s                                0x00000000   Number         0  stubs.o ABSOLUTE
    _printf_sizespec                         0x00000000   Number         0  stubs.o ABSOLUTE
    _printf_str                              0x00000000   Number         0  stubs.o ABSOLUTE
    _printf_truncate_signed                  0x00000000   Number         0  stubs.o ABSOLUTE
    _printf_truncate_unsigned                0x00000000   Number         0  stubs.o ABSOLUTE
    _printf_u                                0x00000000   Number         0  stubs.o ABSOLUTE
    _printf_wc                               0x00000000   Number         0  stubs.o ABSOLUTE
    _printf_wctomb                           0x00000000   Number         0  stubs.o ABSOLUTE
    _printf_widthprec                        0x00000000   Number         0  stubs.o ABSOLUTE
    _printf_x                                0x00000000   Number         0  stubs.o ABSOLUTE
    __arm_fini_                               - Undefined Weak Reference
    __cpp_initialize__aeabi_                  - Undefined Weak Reference
    __cxa_finalize                            - Undefined Weak Reference
    __decompress                              - Undefined Weak Reference
    _clock_init                               - Undefined Weak Reference
    _microlib_exit                            - Undefined Weak Reference
    __Vectors_Size                           0x00000130   Number         0  startup_stm32f103xe.o ABSOLUTE
    __Vectors                                0x08000000   Data           4  startup_stm32f103xe.o(RESET)
    __Vectors_End                            0x08000130   Data           0  startup_stm32f103xe.o(RESET)
    __main                                   0x08000131   Thumb Code     0  entry.o(.ARM.Collect$$$$00000000)
    _main_stk                                0x08000131   Thumb Code     0  entry2.o(.ARM.Collect$$$$00000001)
    _main_scatterload                        0x08000135   Thumb Code     0  entry5.o(.ARM.Collect$$$$00000004)
    __main_after_scatterload                 0x08000139   Thumb Code     0  entry5.o(.ARM.Collect$$$$00000004)
    _main_clock                              0x08000139   Thumb Code     0  entry7b.o(.ARM.Collect$$$$00000008)
    _main_cpp_init                           0x08000139   Thumb Code     0  entry8b.o(.ARM.Collect$$$$0000000A)
    _main_init                               0x08000139   Thumb Code     0  entry9a.o(.ARM.Collect$$$$0000000B)
    __rt_lib_shutdown_fini                   0x08000141   Thumb Code     0  entry12b.o(.ARM.Collect$$$$0000000E)
    __rt_final_cpp                           0x08000145   Thumb Code     0  entry10a.o(.ARM.Collect$$$$0000000F)
    __rt_final_exit                          0x08000145   Thumb Code     0  entry11a.o(.ARM.Collect$$$$00000011)
    SVC_Handler                              0x08000149   Thumb Code    32  port.o(.emb_text)
    __asm___6_port_c_39a90d8d__prvStartFirstTask 0x0800016d   Thumb Code    28  port.o(.emb_text)
    PendSV_Handler                           0x0800018d   Thumb Code    72  port.o(.emb_text)
    vPortGetIPSR                             0x080001d9   Thumb Code     6  port.o(.emb_text)
    Reset_Handler                            0x080001e1   Thumb Code     8  startup_stm32f103xe.o(.text)
    ADC1_2_IRQHandler                        0x080001fb   Thumb Code     0  startup_stm32f103xe.o(.text)
    ADC3_IRQHandler                          0x080001fb   Thumb Code     0  startup_stm32f103xe.o(.text)
    CAN1_RX1_IRQHandler                      0x080001fb   Thumb Code     0  startup_stm32f103xe.o(.text)
    CAN1_SCE_IRQHandler                      0x080001fb   Thumb Code     0  startup_stm32f103xe.o(.text)
    DMA1_Channel1_IRQHandler                 0x080001fb   Thumb Code     0  startup_stm32f103xe.o(.text)
    DMA1_Channel2_IRQHandler                 0x080001fb   Thumb Code     0  startup_stm32f103xe.o(.text)
    DMA1_Channel3_IRQHandler                 0x080001fb   Thumb Code     0  startup_stm32f103xe.o(.text)
    DMA1_Channel4_IRQHandler                 0x080001fb   Thumb Code     0  startup_stm32f103xe.o(.text)
    DMA1_Channel5_IRQHandler                 0x080001fb   Thumb Code     0  startup_stm32f103xe.o(.text)
    DMA1_Channel6_IRQHandler                 0x080001fb   Thumb Code     0  startup_stm32f103xe.o(.text)
    DMA1_Channel7_IRQHandler                 0x080001fb   Thumb Code     0  startup_stm32f103xe.o(.text)
    DMA2_Channel1_IRQHandler                 0x080001fb   Thumb Code     0  startup_stm32f103xe.o(.text)
    DMA2_Channel2_IRQHandler                 0x080001fb   Thumb Code     0  startup_stm32f103xe.o(.text)
    DMA2_Channel3_IRQHandler                 0x080001fb   Thumb Code     0  startup_stm32f103xe.o(.text)
    DMA2_Channel4_5_IRQHandler               0x080001fb   Thumb Code     0  startup_stm32f103xe.o(.text)
    EXTI0_IRQHandler                         0x080001fb   Thumb Code     0  startup_stm32f103xe.o(.text)
    EXTI1_IRQHandler                         0x080001fb   Thumb Code     0  startup_stm32f103xe.o(.text)
    EXTI2_IRQHandler                         0x080001fb   Thumb Code     0  startup_stm32f103xe.o(.text)
    EXTI3_IRQHandler                         0x080001fb   Thumb Code     0  startup_stm32f103xe.o(.text)
    EXTI4_IRQHandler                         0x080001fb   Thumb Code     0  startup_stm32f103xe.o(.text)
    EXTI9_5_IRQHandler                       0x080001fb   Thumb Code     0  startup_stm32f103xe.o(.text)
    FLASH_IRQHandler                         0x080001fb   Thumb Code     0  startup_stm32f103xe.o(.text)
    FSMC_IRQHandler                          0x080001fb   Thumb Code     0  startup_stm32f103xe.o(.text)
    I2C1_ER_IRQHandler                       0x080001fb   Thumb Code     0  startup_stm32f103xe.o(.text)
    I2C1_EV_IRQHandler                       0x080001fb   Thumb Code     0  startup_stm32f103xe.o(.text)
    I2C2_ER_IRQHandler                       0x080001fb   Thumb Code     0  startup_stm32f103xe.o(.text)
    I2C2_EV_IRQHandler                       0x080001fb   Thumb Code     0  startup_stm32f103xe.o(.text)
    PVD_IRQHandler                           0x080001fb   Thumb Code     0  startup_stm32f103xe.o(.text)
    RCC_IRQHandler                           0x080001fb   Thumb Code     0  startup_stm32f103xe.o(.text)
    RTC_Alarm_IRQHandler                     0x080001fb   Thumb Code     0  startup_stm32f103xe.o(.text)
    RTC_IRQHandler                           0x080001fb   Thumb Code     0  startup_stm32f103xe.o(.text)
    SDIO_IRQHandler                          0x080001fb   Thumb Code     0  startup_stm32f103xe.o(.text)
    SPI1_IRQHandler                          0x080001fb   Thumb Code     0  startup_stm32f103xe.o(.text)
    SPI2_IRQHandler                          0x080001fb   Thumb Code     0  startup_stm32f103xe.o(.text)
    SPI3_IRQHandler                          0x080001fb   Thumb Code     0  startup_stm32f103xe.o(.text)
    TAMPER_IRQHandler                        0x080001fb   Thumb Code     0  startup_stm32f103xe.o(.text)
    TIM1_BRK_IRQHandler                      0x080001fb   Thumb Code     0  startup_stm32f103xe.o(.text)
    TIM1_CC_IRQHandler                       0x080001fb   Thumb Code     0  startup_stm32f103xe.o(.text)
    TIM1_TRG_COM_IRQHandler                  0x080001fb   Thumb Code     0  startup_stm32f103xe.o(.text)
    TIM1_UP_IRQHandler                       0x080001fb   Thumb Code     0  startup_stm32f103xe.o(.text)
    TIM2_IRQHandler                          0x080001fb   Thumb Code     0  startup_stm32f103xe.o(.text)
    TIM3_IRQHandler                          0x080001fb   Thumb Code     0  startup_stm32f103xe.o(.text)
    TIM4_IRQHandler                          0x080001fb   Thumb Code     0  startup_stm32f103xe.o(.text)
    TIM5_IRQHandler                          0x080001fb   Thumb Code     0  startup_stm32f103xe.o(.text)
    TIM6_IRQHandler                          0x080001fb   Thumb Code     0  startup_stm32f103xe.o(.text)
    TIM8_BRK_IRQHandler                      0x080001fb   Thumb Code     0  startup_stm32f103xe.o(.text)
    TIM8_CC_IRQHandler                       0x080001fb   Thumb Code     0  startup_stm32f103xe.o(.text)
    TIM8_TRG_COM_IRQHandler                  0x080001fb   Thumb Code     0  startup_stm32f103xe.o(.text)
    TIM8_UP_IRQHandler                       0x080001fb   Thumb Code     0  startup_stm32f103xe.o(.text)
    UART4_IRQHandler                         0x080001fb   Thumb Code     0  startup_stm32f103xe.o(.text)
    UART5_IRQHandler                         0x080001fb   Thumb Code     0  startup_stm32f103xe.o(.text)
    USART2_IRQHandler                        0x080001fb   Thumb Code     0  startup_stm32f103xe.o(.text)
    USART3_IRQHandler                        0x080001fb   Thumb Code     0  startup_stm32f103xe.o(.text)
    USBWakeUp_IRQHandler                     0x080001fb   Thumb Code     0  startup_stm32f103xe.o(.text)
    USB_HP_CAN1_TX_IRQHandler                0x080001fb   Thumb Code     0  startup_stm32f103xe.o(.text)
    USB_LP_CAN1_RX0_IRQHandler               0x080001fb   Thumb Code     0  startup_stm32f103xe.o(.text)
    WWDG_IRQHandler                          0x080001fb   Thumb Code     0  startup_stm32f103xe.o(.text)
    __aeabi_llsr                             0x08000205   Thumb Code    32  llushr.o(.text)
    _ll_ushift_r                             0x08000205   Thumb Code     0  llushr.o(.text)
    __aeabi_memcpy                           0x08000225   Thumb Code    36  memcpya.o(.text)
    __aeabi_memcpy4                          0x08000225   Thumb Code     0  memcpya.o(.text)
    __aeabi_memcpy8                          0x08000225   Thumb Code     0  memcpya.o(.text)
    __aeabi_memset                           0x08000249   Thumb Code    14  memseta.o(.text)
    __aeabi_memset4                          0x08000249   Thumb Code     0  memseta.o(.text)
    __aeabi_memset8                          0x08000249   Thumb Code     0  memseta.o(.text)
    __aeabi_memclr                           0x08000257   Thumb Code     4  memseta.o(.text)
    __aeabi_memclr4                          0x08000257   Thumb Code     0  memseta.o(.text)
    __aeabi_memclr8                          0x08000257   Thumb Code     0  memseta.o(.text)
    memset                                   0x0800025b   Thumb Code    18  memseta.o(.text)
    strlen                                   0x0800026d   Thumb Code    14  strlen.o(.text)
    memcmp                                   0x0800027b   Thumb Code    26  memcmp.o(.text)
    atoi                                     0x08000295   Thumb Code    26  atoi.o(.text)
    __aeabi_uldivmod                         0x080002af   Thumb Code    98  uldiv.o(.text)
    strtol                                   0x08000311   Thumb Code   112  strtol.o(.text)
    __scatterload                            0x08000381   Thumb Code    28  init.o(.text)
    __scatterload_rt2                        0x08000381   Thumb Code     0  init.o(.text)
    __aeabi_llsl                             0x080003a5   Thumb Code    30  llshl.o(.text)
    _ll_shift_l                              0x080003a5   Thumb Code     0  llshl.o(.text)
    __rt_ctype_table                         0x080003c5   Thumb Code     4  ctype_o.o(.text)
    _strtoul                                 0x080003cd   Thumb Code   158  _strtoul.o(.text)
    _chval                                   0x0800046b   Thumb Code    28  _chval.o(.text)
    BusFault_Handler                         0x08000487   Thumb Code     2  stm32f1xx_it.o(i.BusFault_Handler)
    DebugMon_Handler                         0x08000489   Thumb Code     2  stm32f1xx_it.o(i.DebugMon_Handler)
    Draw_Trail                               0x0800048d   Thumb Code   284  palette.o(i.Draw_Trail)
    EXTI15_10_IRQHandler                     0x080005b1   Thumb Code    28  gt9xx.o(i.EXTI15_10_IRQHandler)
    Error_Handler                            0x080005d5   Thumb Code     4  main.o(i.Error_Handler)
    FSMC_NORSRAM_Extended_Timing_Init        0x080005d9   Thumb Code    56  stm32f1xx_ll_fsmc.o(i.FSMC_NORSRAM_Extended_Timing_Init)
    FSMC_NORSRAM_Init                        0x08000615   Thumb Code    98  stm32f1xx_ll_fsmc.o(i.FSMC_NORSRAM_Init)
    FSMC_NORSRAM_Timing_Init                 0x0800067d   Thumb Code    64  stm32f1xx_ll_fsmc.o(i.FSMC_NORSRAM_Timing_Init)
    GTP_Init_Panel                           0x080008c1   Thumb Code   306  gt9xx.o(i.GTP_Init_Panel)
    GTP_Read_Version                         0x08000a75   Thumb Code   126  gt9xx.o(i.GTP_Read_Version)
    GetGBKCode_from_EXFlash                  0x08000bb9   Thumb Code    68  fonts.o(i.GetGBKCode_from_EXFlash)
    Get_HzMat                                0x08000c01   Thumb Code   138  bsp_nt35510_lcd.o(i.Get_HzMat)
    HAL_DMA_Abort                            0x08000e59   Thumb Code    70  stm32f1xx_hal_dma.o(i.HAL_DMA_Abort)
    HAL_DMA_Abort_IT                         0x08000ea1   Thumb Code   296  stm32f1xx_hal_dma.o(i.HAL_DMA_Abort_IT)
    HAL_Delay                                0x08000fd1   Thumb Code    32  stm32f1xx_hal.o(i.HAL_Delay)
    HAL_GPIO_Init                            0x08001075   Thumb Code   462  stm32f1xx_hal_gpio.o(i.HAL_GPIO_Init)
    HAL_GPIO_ReadPin                         0x0800126d   Thumb Code    10  stm32f1xx_hal_gpio.o(i.HAL_GPIO_ReadPin)
    HAL_GPIO_TogglePin                       0x08001277   Thumb Code    16  stm32f1xx_hal_gpio.o(i.HAL_GPIO_TogglePin)
    HAL_GPIO_WritePin                        0x08001287   Thumb Code    10  stm32f1xx_hal_gpio.o(i.HAL_GPIO_WritePin)
    HAL_GetTick                              0x08001291   Thumb Code     6  stm32f1xx_hal.o(i.HAL_GetTick)
    HAL_IncTick                              0x0800129d   Thumb Code    12  stm32f1xx_hal.o(i.HAL_IncTick)
    HAL_Init                                 0x080012ad   Thumb Code    32  stm32f1xx_hal.o(i.HAL_Init)
    HAL_InitTick                             0x080012d1   Thumb Code   100  stm32f1xx_hal_timebase_tim.o(i.HAL_InitTick)
    HAL_MspInit                              0x08001345   Thumb Code    62  stm32f1xx_hal_msp.o(i.HAL_MspInit)
    HAL_NVIC_DisableIRQ                      0x0800138d   Thumb Code    34  stm32f1xx_hal_cortex.o(i.HAL_NVIC_DisableIRQ)
    HAL_NVIC_EnableIRQ                       0x080013af   Thumb Code    26  stm32f1xx_hal_cortex.o(i.HAL_NVIC_EnableIRQ)
    HAL_NVIC_SetPriority                     0x080013c9   Thumb Code    60  stm32f1xx_hal_cortex.o(i.HAL_NVIC_SetPriority)
    HAL_NVIC_SetPriorityGrouping             0x08001409   Thumb Code    26  stm32f1xx_hal_cortex.o(i.HAL_NVIC_SetPriorityGrouping)
    HAL_PWR_EnableBkUpAccess                 0x0800142d   Thumb Code     8  stm32f1xx_hal_pwr.o(i.HAL_PWR_EnableBkUpAccess)
    HAL_RCCEx_GetPeriphCLKFreq               0x08001439   Thumb Code   180  stm32f1xx_hal_rcc_ex.o(i.HAL_RCCEx_GetPeriphCLKFreq)
    HAL_RCCEx_PeriphCLKConfig                0x0800150d   Thumb Code   224  stm32f1xx_hal_rcc_ex.o(i.HAL_RCCEx_PeriphCLKConfig)
    HAL_RCC_CSSCallback                      0x080015f9   Thumb Code     2  stm32f1xx_hal_rcc.o(i.HAL_RCC_CSSCallback)
    HAL_RCC_ClockConfig                      0x080015fd   Thumb Code   280  stm32f1xx_hal_rcc.o(i.HAL_RCC_ClockConfig)
    HAL_RCC_EnableCSS                        0x08001729   Thumb Code     8  stm32f1xx_hal_rcc.o(i.HAL_RCC_EnableCSS)
    HAL_RCC_GetClockConfig                   0x08001735   Thumb Code    54  stm32f1xx_hal_rcc.o(i.HAL_RCC_GetClockConfig)
    HAL_RCC_GetPCLK1Freq                     0x08001775   Thumb Code    20  stm32f1xx_hal_rcc.o(i.HAL_RCC_GetPCLK1Freq)
    HAL_RCC_GetPCLK2Freq                     0x08001795   Thumb Code    20  stm32f1xx_hal_rcc.o(i.HAL_RCC_GetPCLK2Freq)
    HAL_RCC_GetSysClockFreq                  0x080017b5   Thumb Code    74  stm32f1xx_hal_rcc.o(i.HAL_RCC_GetSysClockFreq)
    HAL_RCC_NMI_IRQHandler                   0x08001821   Thumb Code    20  stm32f1xx_hal_rcc.o(i.HAL_RCC_NMI_IRQHandler)
    HAL_RCC_OscConfig                        0x08001839   Thumb Code   778  stm32f1xx_hal_rcc.o(i.HAL_RCC_OscConfig)
    HAL_RTCEx_BKUPRead                       0x08001b59   Thumb Code    10  stm32f1xx_hal_rtc_ex.o(i.HAL_RTCEx_BKUPRead)
    HAL_RTCEx_BKUPWrite                      0x08001b69   Thumb Code    12  stm32f1xx_hal_rtc_ex.o(i.HAL_RTCEx_BKUPWrite)
    HAL_RTC_Init                             0x08001b79   Thumb Code   154  stm32f1xx_hal_rtc.o(i.HAL_RTC_Init)
    HAL_RTC_MspInit                          0x08001c19   Thumb Code    40  rtc.o(i.HAL_RTC_MspInit)
    HAL_RTC_SetDate                          0x08001c4d   Thumb Code   192  stm32f1xx_hal_rtc.o(i.HAL_RTC_SetDate)
    HAL_RTC_SetTime                          0x08001d11   Thumb Code   168  stm32f1xx_hal_rtc.o(i.HAL_RTC_SetTime)
    HAL_RTC_WaitForSynchro                   0x08001dbd   Thumb Code    58  stm32f1xx_hal_rtc.o(i.HAL_RTC_WaitForSynchro)
    HAL_SPI_Init                             0x08001df7   Thumb Code   178  stm32f1xx_hal_spi.o(i.HAL_SPI_Init)
    HAL_SPI_MspInit                          0x08001ea9   Thumb Code   118  spi.o(i.HAL_SPI_MspInit)
    HAL_SRAM_Init                            0x08001f2d   Thumb Code   100  stm32f1xx_hal_sram.o(i.HAL_SRAM_Init)
    HAL_SRAM_MspInit                         0x08001f91   Thumb Code     4  fsmc.o(i.HAL_SRAM_MspInit)
    HAL_TIMEx_BreakCallback                  0x08001f95   Thumb Code     2  stm32f1xx_hal_tim_ex.o(i.HAL_TIMEx_BreakCallback)
    HAL_TIMEx_CommutCallback                 0x08001f97   Thumb Code     2  stm32f1xx_hal_tim_ex.o(i.HAL_TIMEx_CommutCallback)
    HAL_TIM_Base_Init                        0x08001f99   Thumb Code    90  stm32f1xx_hal_tim.o(i.HAL_TIM_Base_Init)
    HAL_TIM_Base_MspInit                     0x08001ff3   Thumb Code     2  stm32f1xx_hal_tim.o(i.HAL_TIM_Base_MspInit)
    HAL_TIM_Base_Start_IT                    0x08001ff5   Thumb Code    88  stm32f1xx_hal_tim.o(i.HAL_TIM_Base_Start_IT)
    HAL_TIM_IC_CaptureCallback               0x08002061   Thumb Code     2  stm32f1xx_hal_tim.o(i.HAL_TIM_IC_CaptureCallback)
    HAL_TIM_IRQHandler                       0x08002063   Thumb Code   358  stm32f1xx_hal_tim.o(i.HAL_TIM_IRQHandler)
    HAL_TIM_OC_DelayElapsedCallback          0x080021c9   Thumb Code     2  stm32f1xx_hal_tim.o(i.HAL_TIM_OC_DelayElapsedCallback)
    HAL_TIM_PWM_PulseFinishedCallback        0x080021cb   Thumb Code     2  stm32f1xx_hal_tim.o(i.HAL_TIM_PWM_PulseFinishedCallback)
    HAL_TIM_PeriodElapsedCallback            0x080021cd   Thumb Code    14  main.o(i.HAL_TIM_PeriodElapsedCallback)
    HAL_TIM_TriggerCallback                  0x080021e1   Thumb Code     2  stm32f1xx_hal_tim.o(i.HAL_TIM_TriggerCallback)
    HAL_UARTEx_RxEventCallback               0x080021e3   Thumb Code     2  stm32f1xx_hal_uart.o(i.HAL_UARTEx_RxEventCallback)
    HAL_UART_ErrorCallback                   0x080021e5   Thumb Code     2  stm32f1xx_hal_uart.o(i.HAL_UART_ErrorCallback)
    HAL_UART_IRQHandler                      0x080021e9   Thumb Code   520  stm32f1xx_hal_uart.o(i.HAL_UART_IRQHandler)
    HAL_UART_Init                            0x080023f5   Thumb Code    98  stm32f1xx_hal_uart.o(i.HAL_UART_Init)
    HAL_UART_MspInit                         0x08002459   Thumb Code   116  usart.o(i.HAL_UART_MspInit)
    HAL_UART_Receive_IT                      0x080024d9   Thumb Code    42  stm32f1xx_hal_uart.o(i.HAL_UART_Receive_IT)
    HAL_UART_RxCpltCallback                  0x08002505   Thumb Code   100  usart.o(i.HAL_UART_RxCpltCallback)
    HAL_UART_Transmit                        0x08002581   Thumb Code   178  stm32f1xx_hal_uart.o(i.HAL_UART_Transmit)
    HAL_UART_TxCpltCallback                  0x08002633   Thumb Code     2  stm32f1xx_hal_uart.o(i.HAL_UART_TxCpltCallback)
    HardFault_Handler                        0x08002635   Thumb Code     2  stm32f1xx_it.o(i.HardFault_Handler)
    I2C_GTP_IRQDisable                       0x080026d5   Thumb Code    38  bsp_i2c_touch.o(i.I2C_GTP_IRQDisable)
    I2C_GTP_IRQEnable                        0x08002705   Thumb Code    38  bsp_i2c_touch.o(i.I2C_GTP_IRQEnable)
    I2C_ReadBytes                            0x08002735   Thumb Code    76  bsp_i2c_touch.o(i.I2C_ReadBytes)
    I2C_ResetChip                            0x08002781   Thumb Code    92  bsp_i2c_touch.o(i.I2C_ResetChip)
    I2C_Touch_Init                           0x080027e1   Thumb Code    18  bsp_i2c_touch.o(i.I2C_Touch_Init)
    I2C_WriteBytes                           0x0800283b   Thumb Code    88  bsp_i2c_touch.o(i.I2C_WriteBytes)
    LCD_SetColors                            0x08002895   Thumb Code     8  bsp_nt35510_lcd.o(i.LCD_SetColors)
    LCD_ShowChar                             0x080028a1   Thumb Code   202  bsp_nt35510_lcd.o(i.LCD_ShowChar)
    LCD_Test                                 0x08002985   Thumb Code   502  bsp_nt35510_lcd.o(i.LCD_Test)
    MX_FREERTOS_Init                         0x08002bc5   Thumb Code    52  freertos.o(i.MX_FREERTOS_Init)
    MX_FSMC_Init                             0x08002c01   Thumb Code   134  fsmc.o(i.MX_FSMC_Init)
    MX_GPIO_Init                             0x08002c95   Thumb Code   196  gpio.o(i.MX_GPIO_Init)
    MX_RTC_Init                              0x08002d65   Thumb Code   126  rtc.o(i.MX_RTC_Init)
    MX_SPI2_Init                             0x08002df9   Thumb Code    60  spi.o(i.MX_SPI2_Init)
    MX_USART1_UART_Init                      0x08002e3d   Thumb Code    54  usart.o(i.MX_USART1_UART_Init)
    MemManage_Handler                        0x08002e81   Thumb Code     2  stm32f1xx_it.o(i.MemManage_Handler)
    NMI_Handler                              0x08002e83   Thumb Code     6  stm32f1xx_it.o(i.NMI_Handler)
    NT35510_BackLed_Control                  0x08002e89   Thumb Code    16  bsp_nt35510_lcd.o(i.NT35510_BackLed_Control)
    NT35510_Clear                            0x08002e9d   Thumb Code    26  bsp_nt35510_lcd.o(i.NT35510_Clear)
    NT35510_ClearLine                        0x08002ebd   Thumb Code    16  bsp_nt35510_lcd.o(i.NT35510_ClearLine)
    NT35510_DispChar_CH                      0x08002ee1   Thumb Code   124  bsp_nt35510_lcd.o(i.NT35510_DispChar_CH)
    NT35510_DispChar_EN                      0x08002f69   Thumb Code   102  bsp_nt35510_lcd.o(i.NT35510_DispChar_EN)
    NT35510_DispStringLine_EN                0x08002fd9   Thumb Code    72  bsp_nt35510_lcd.o(i.NT35510_DispStringLine_EN)
    NT35510_DispStringLine_EN_CH             0x08003025   Thumb Code   136  bsp_nt35510_lcd.o(i.NT35510_DispStringLine_EN_CH)
    NT35510_DrawCircle                       0x080030b1   Thumb Code   328  bsp_nt35510_lcd.o(i.NT35510_DrawCircle)
    NT35510_DrawLine                         0x080031f9   Thumb Code   156  bsp_nt35510_lcd.o(i.NT35510_DrawLine)
    NT35510_DrawPoint                        0x08003395   Thumb Code    36  bsp_nt35510_lcd.o(i.NT35510_DrawPoint)
    NT35510_DrawRectangle                    0x080033bd   Thumb Code    96  bsp_nt35510_lcd.o(i.NT35510_DrawRectangle)
    NT35510_GramScan                         0x080034fd   Thumb Code   148  bsp_nt35510_lcd.o(i.NT35510_GramScan)
    NT35510_Init                             0x08003599   Thumb Code    54  bsp_nt35510_lcd.o(i.NT35510_Init)
    NT35510_OpenWindow                       0x080035d9   Thumb Code    96  bsp_nt35510_lcd.o(i.NT35510_OpenWindow)
    NT35510_Rst                              0x080045e1   Thumb Code    42  bsp_nt35510_lcd.o(i.NT35510_Rst)
    NT35510_SetPointPixel                    0x08004619   Thumb Code    34  bsp_nt35510_lcd.o(i.NT35510_SetPointPixel)
    Protocol_Decode                          0x08004641   Thumb Code   138  protocol.o(i.Protocol_Decode)
    RTC_Get_UnixTime                         0x08004767   Thumb Code     4  rtc.o(i.RTC_Get_UnixTime)
    RTC_Set_UnixTime                         0x08004799   Thumb Code    34  rtc.o(i.RTC_Set_UnixTime)
    Read_UnixTime                            0x08004869   Thumb Code    16  rtc.o(i.Read_UnixTime)
    SPI_FLASH_BufferRead                     0x0800487d   Thumb Code    74  bsp_spi_flash.o(i.SPI_FLASH_BufferRead)
    SPI_FLASH_Init                           0x080048cd   Thumb Code    66  bsp_spi_flash.o(i.SPI_FLASH_Init)
    SPI_FLASH_SendByte                       0x08004919   Thumb Code    74  bsp_spi_flash.o(i.SPI_FLASH_SendByte)
    Show_Font                                0x080049ad   Thumb Code   150  bsp_nt35510_lcd.o(i.Show_Font)
    Show_Str                                 0x08004a49   Thumb Code   146  bsp_nt35510_lcd.o(i.Show_Str)
    StartDefaultTask                         0x08004adb   Thumb Code    12  freertos.o(i.StartDefaultTask)
    Start_Led_Toggle                         0x08004ae9   Thumb Code   102  freertos.o(i.Start_Led_Toggle)
    SysTick_Handler                          0x08004b7d   Thumb Code    38  port.o(i.SysTick_Handler)
    SystemClock_Config                       0x08004ba9   Thumb Code   130  main.o(i.SystemClock_Config)
    SystemInit                               0x08004c2b   Thumb Code     2  system_stm32f1xx.o(i.SystemInit)
    TIM7_IRQHandler                          0x08004c2d   Thumb Code     6  stm32f1xx_it.o(i.TIM7_IRQHandler)
    TIM_Base_SetConfig                       0x08004c39   Thumb Code   120  stm32f1xx_hal_tim.o(i.TIM_Base_SetConfig)
    Touch_Button_Down                        0x08004cc5   Thumb Code    80  palette.o(i.Touch_Button_Down)
    Touch_Button_Up                          0x08004d19   Thumb Code    80  palette.o(i.Touch_Button_Up)
    UART_Start_Receive_IT                    0x08004f1d   Thumb Code    54  stm32f1xx_hal_uart.o(i.UART_Start_Receive_IT)
    USART1_IRQHandler                        0x08004fb9   Thumb Code     6  stm32f1xx_it.o(i.USART1_IRQHandler)
    Unix_To_YMD_Time                         0x08004fc5   Thumb Code   124  unix.o(i.Unix_To_YMD_Time)
    UsageFault_Handler                       0x08005045   Thumb Code     2  stm32f1xx_it.o(i.UsageFault_Handler)
    Write_UnixTime                           0x08005049   Thumb Code    34  rtc.o(i.Write_UnixTime)
    YMD_To_Unix_Time                         0x08005071   Thumb Code   108  unix.o(i.YMD_To_Unix_Time)
    __0printf$8                              0x080050dd   Thumb Code    22  printf8.o(i.__0printf$8)
    __1printf$8                              0x080050dd   Thumb Code     0  printf8.o(i.__0printf$8)
    __2printf                                0x080050dd   Thumb Code     0  printf8.o(i.__0printf$8)
    __0sprintf$8                             0x080050fd   Thumb Code    34  printf8.o(i.__0sprintf$8)
    __1sprintf$8                             0x080050fd   Thumb Code     0  printf8.o(i.__0sprintf$8)
    __2sprintf                               0x080050fd   Thumb Code     0  printf8.o(i.__0sprintf$8)
    __aeabi_errno_addr                       0x08005145   Thumb Code     4  errno.o(i.__aeabi_errno_addr)
    __rt_errno_addr                          0x08005145   Thumb Code     0  errno.o(i.__aeabi_errno_addr)
    __scatterload_copy                       0x0800514d   Thumb Code    14  handlers.o(i.__scatterload_copy)
    __scatterload_null                       0x0800515b   Thumb Code     2  handlers.o(i.__scatterload_null)
    __scatterload_zeroinit                   0x0800515d   Thumb Code    14  handlers.o(i.__scatterload_zeroinit)
    font_init                                0x0800561d   Thumb Code    58  fonts.o(i.font_init)
    fputc                                    0x0800565d   Thumb Code    20  usart.o(i.fputc)
    free                                     0x08005675   Thumb Code    76  malloc.o(i.free)
    i2c_Ack                                  0x080056c5   Thumb Code    66  bsp_i2c_touch.o(i.i2c_Ack)
    i2c_NAck                                 0x0800571d   Thumb Code    50  bsp_i2c_touch.o(i.i2c_NAck)
    i2c_ReadByte                             0x08005759   Thumb Code    78  bsp_i2c_touch.o(i.i2c_ReadByte)
    i2c_SendByte                             0x080057b1   Thumb Code    96  bsp_i2c_touch.o(i.i2c_SendByte)
    i2c_Start                                0x08005819   Thumb Code    64  bsp_i2c_touch.o(i.i2c_Start)
    i2c_Stop                                 0x08005861   Thumb Code    46  bsp_i2c_touch.o(i.i2c_Stop)
    i2c_WaitAck                              0x08005899   Thumb Code    70  bsp_i2c_touch.o(i.i2c_WaitAck)
    main                                     0x080058e9   Thumb Code    54  main.o(i.main)
    malloc                                   0x0800592d   Thumb Code    92  malloc.o(i.malloc)
    osDelay                                  0x08005999   Thumb Code    14  cmsis_os.o(i.osDelay)
    osKernelStart                            0x080059a7   Thumb Code    10  cmsis_os.o(i.osKernelStart)
    osThreadCreate                           0x080059b1   Thumb Code    84  cmsis_os.o(i.osThreadCreate)
    pvPortMalloc                             0x08005d49   Thumb Code   210  heap_4.o(i.pvPortMalloc)
    pxPortInitialiseStack                    0x08005e21   Thumb Code    32  port.o(i.pxPortInitialiseStack)
    uxListRemove                             0x08005e45   Thumb Code    38  list.o(i.uxListRemove)
    vApplicationGetIdleTaskMemory            0x08005e6d   Thumb Code    16  freertos.o(i.vApplicationGetIdleTaskMemory)
    vListInitialise                          0x08005e81   Thumb Code    22  list.o(i.vListInitialise)
    vListInitialiseItem                      0x08005e97   Thumb Code     6  list.o(i.vListInitialiseItem)
    vListInsert                              0x08005e9d   Thumb Code    48  list.o(i.vListInsert)
    vListInsertEnd                           0x08005ecd   Thumb Code    24  list.o(i.vListInsertEnd)
    vPortEnterCritical                       0x08005ee5   Thumb Code    54  port.o(i.vPortEnterCritical)
    vPortExitCritical                        0x08005f25   Thumb Code    34  port.o(i.vPortExitCritical)
    vPortFree                                0x08005f4d   Thumb Code    88  heap_4.o(i.vPortFree)
    vPortSetupTimerInterrupt                 0x08005fa9   Thumb Code    32  port.o(i.vPortSetupTimerInterrupt)
    vTaskDelay                               0x08005fcd   Thumb Code    66  tasks.o(i.vTaskDelay)
    vTaskStartScheduler                      0x08006019   Thumb Code    90  tasks.o(i.vTaskStartScheduler)
    vTaskSuspendAll                          0x08006085   Thumb Code    10  tasks.o(i.vTaskSuspendAll)
    vTaskSwitchContext                       0x08006095   Thumb Code    82  tasks.o(i.vTaskSwitchContext)
    xPortStartScheduler                      0x080060f1   Thumb Code   154  port.o(i.xPortStartScheduler)
    xTaskCreate                              0x08006199   Thumb Code    90  tasks.o(i.xTaskCreate)
    xTaskCreateStatic                        0x080061f3   Thumb Code    86  tasks.o(i.xTaskCreateStatic)
    xTaskIncrementTick                       0x08006249   Thumb Code   192  tasks.o(i.xTaskIncrementTick)
    xTaskResumeAll                           0x08006311   Thumb Code   182  tasks.o(i.xTaskResumeAll)
    g_day_per_mon                            0x080063d4   Data          12  unix.o(.constdata)
    AHBPrescTable                            0x08006418   Data          16  system_stm32f1xx.o(.constdata)
    APBPrescTable                            0x08006428   Data           8  system_stm32f1xx.o(.constdata)
    ASCII16x32_Table                         0x08006430   Data        6080  fonts.o(.constdata)
    asc2_1206                                0x08007bf0   Data        1140  fonts.o(.constdata)
    asc2_1608                                0x08008064   Data        1520  fonts.o(.constdata)
    asc2_2412                                0x08008654   Data        3420  fonts.o(.constdata)
    asc2_3216                                0x080093b0   Data       12160  fonts.o(.constdata)
    touch_param                              0x0800c338   Data           6  gt9xx.o(.constdata)
    CTP_CFG_GT9147                           0x0800c348   Data         239  gt9xx.o(.constdata)
    __ctype_table                            0x0800c444   Data         129  ctype_o.o(.constdata)
    Region$$Table$$Base                      0x0800c588   Number         0  anon$$obj.o(Region$$Table)
    Region$$Table$$Limit                     0x0800c5a8   Number         0  anon$$obj.o(Region$$Table)
    system_time                              0x20000000   Data          12  unix.o(.data)
    defaultTaskHandle                        0x2000000c   Data           4  freertos.o(.data)
    Led_ToggleHandle                         0x20000010   Data           4  freertos.o(.data)
    Rx_Sta                                   0x2000001c   Data           1  usart.o(.data)
    Uart1_Rx_Cnt                             0x2000001d   Data           1  usart.o(.data)
    aRxBuffer                                0x2000001e   Data           1  usart.o(.data)
    uwTickFreq                               0x20000020   Data           1  stm32f1xx_hal.o(.data)
    uwTickPrio                               0x20000024   Data           4  stm32f1xx_hal.o(.data)
    uwTick                                   0x20000028   Data           4  stm32f1xx_hal.o(.data)
    SystemCoreClock                          0x2000002c   Data           4  system_stm32f1xx.o(.data)
    pxCurrentTCB                             0x20000030   Data           4  tasks.o(.data)
    LCD_SCAN_MODE                            0x20000090   Data           1  bsp_nt35510_lcd.o(.data)
    LCD_X_LENGTH                             0x20000092   Data           2  bsp_nt35510_lcd.o(.data)
    LCD_Y_LENGTH                             0x20000094   Data           2  bsp_nt35510_lcd.o(.data)
    Font16x32                                0x200000a4   Data           8  fonts.o(.data)
    touchIC                                  0x200000ae   Data           1  gt9xx.o(.data)
    brush                                    0x200000cc   Data           8  palette.o(.data)
    __stdout                                 0x200000d4   Data           4  stdout.o(.data)
    __microlib_freelist                      0x200000d8   Data           4  mvars.o(.data)
    __microlib_freelist_initialised          0x200000dc   Data           4  mvars.o(.data)
    hsram4                                   0x20000338   Data          72  fsmc.o(.bss)
    hrtc                                     0x20000380   Data          20  rtc.o(.bss)
    hspi2                                    0x20000394   Data          88  spi.o(.bss)
    RxBuffer                                 0x200003ec   Data         256  usart.o(.bss)
    huart1                                   0x200004ec   Data          68  usart.o(.bss)
    htim7                                    0x20000530   Data          72  stm32f1xx_hal_timebase_tim.o(.bss)
    zoomBuff                                 0x20001268   Data       16384  bsp_nt35510_lcd.o(.bss)
    zoomTempBuff                             0x20005268   Data        1024  bsp_nt35510_lcd.o(.bss)
    lcddev                                   0x20005668   Data          14  bsp_nt35510_lcd.o(.bss)
    SpiHandle                                0x200056f8   Data          88  bsp_spi_flash.o(.bss)
    ftinfo                                   0x20005750   Data          33  fonts.o(.bss)
    button                                   0x20005774   Data         432  palette.o(.bss)
    __heap_base                              0x20005928   Data           0  startup_stm32f103xe.o(HEAP)
    __heap_limit                             0x20005b28   Data           0  startup_stm32f103xe.o(HEAP)
    __initial_sp                             0x20005f28   Data           0  startup_stm32f103xe.o(STACK)



==============================================================================

Memory Map of the image

  Image Entry point : 0x08000131

  Load Region LR_IROM1 (Base: 0x08000000, Size: 0x0000c68c, Max: 0x00080000, ABSOLUTE)

    Execution Region ER_IROM1 (Exec base: 0x08000000, Load base: 0x08000000, Size: 0x0000c5a8, Max: 0x00080000, ABSOLUTE)

    Exec Addr    Load Addr    Size         Type   Attr      Idx    E Section Name        Object

    0x08000000   0x08000000   0x00000130   Data   RO            3    RESET               startup_stm32f103xe.o
    0x08000130   0x08000130   0x00000000   Code   RO         6107  * .ARM.Collect$$$$00000000  mc_w.l(entry.o)
    0x08000130   0x08000130   0x00000004   Code   RO         6415    .ARM.Collect$$$$00000001  mc_w.l(entry2.o)
    0x08000134   0x08000134   0x00000004   Code   RO         6418    .ARM.Collect$$$$00000004  mc_w.l(entry5.o)
    0x08000138   0x08000138   0x00000000   Code   RO         6420    .ARM.Collect$$$$00000008  mc_w.l(entry7b.o)
    0x08000138   0x08000138   0x00000000   Code   RO         6422    .ARM.Collect$$$$0000000A  mc_w.l(entry8b.o)
    0x08000138   0x08000138   0x00000008   Code   RO         6423    .ARM.Collect$$$$0000000B  mc_w.l(entry9a.o)
    0x08000140   0x08000140   0x00000004   Code   RO         6430    .ARM.Collect$$$$0000000E  mc_w.l(entry12b.o)
    0x08000144   0x08000144   0x00000000   Code   RO         6425    .ARM.Collect$$$$0000000F  mc_w.l(entry10a.o)
    0x08000144   0x08000144   0x00000000   Code   RO         6427    .ARM.Collect$$$$00000011  mc_w.l(entry11a.o)
    0x08000144   0x08000144   0x00000004   Code   RO         6416    .ARM.Collect$$$$00002712  mc_w.l(entry2.o)
    0x08000148   0x08000148   0x00000096   Code   RO         5217    .emb_text           port.o
    0x080001de   0x080001de   0x00000002   PAD
    0x080001e0   0x080001e0   0x00000024   Code   RO            4    .text               startup_stm32f103xe.o
    0x08000204   0x08000204   0x00000020   Code   RO         6110    .text               mc_w.l(llushr.o)
    0x08000224   0x08000224   0x00000024   Code   RO         6112    .text               mc_w.l(memcpya.o)
    0x08000248   0x08000248   0x00000024   Code   RO         6116    .text               mc_w.l(memseta.o)
    0x0800026c   0x0800026c   0x0000000e   Code   RO         6118    .text               mc_w.l(strlen.o)
    0x0800027a   0x0800027a   0x0000001a   Code   RO         6120    .text               mc_w.l(memcmp.o)
    0x08000294   0x08000294   0x0000001a   Code   RO         6413    .text               mc_w.l(atoi.o)
    0x080002ae   0x080002ae   0x00000062   Code   RO         6434    .text               mc_w.l(uldiv.o)
    0x08000310   0x08000310   0x00000070   Code   RO         6445    .text               mc_w.l(strtol.o)
    0x08000380   0x08000380   0x00000024   Code   RO         6458    .text               mc_w.l(init.o)
    0x080003a4   0x080003a4   0x0000001e   Code   RO         6460    .text               mc_w.l(llshl.o)
    0x080003c2   0x080003c2   0x00000002   PAD
    0x080003c4   0x080003c4   0x00000008   Code   RO         6464    .text               mc_w.l(ctype_o.o)
    0x080003cc   0x080003cc   0x0000009e   Code   RO         6492    .text               mc_w.l(_strtoul.o)
    0x0800046a   0x0800046a   0x0000001c   Code   RO         6496    .text               mc_w.l(_chval.o)
    0x08000486   0x08000486   0x00000002   Code   RO          663    i.BusFault_Handler  stm32f1xx_it.o
    0x08000488   0x08000488   0x00000002   Code   RO          664    i.DebugMon_Handler  stm32f1xx_it.o
    0x0800048a   0x0800048a   0x00000002   PAD
    0x0800048c   0x0800048c   0x00000124   Code   RO         6026    i.Draw_Trail        palette.o
    0x080005b0   0x080005b0   0x00000024   Code   RO         5866    i.EXTI15_10_IRQHandler  gt9xx.o
    0x080005d4   0x080005d4   0x00000004   Code   RO          266    i.Error_Handler     main.o
    0x080005d8   0x080005d8   0x0000003c   Code   RO         1815    i.FSMC_NORSRAM_Extended_Timing_Init  stm32f1xx_ll_fsmc.o
    0x08000614   0x08000614   0x00000068   Code   RO         1816    i.FSMC_NORSRAM_Init  stm32f1xx_ll_fsmc.o
    0x0800067c   0x0800067c   0x00000044   Code   RO         1817    i.FSMC_NORSRAM_Timing_Init  stm32f1xx_ll_fsmc.o
    0x080006c0   0x080006c0   0x000000d4   Code   RO         5868    i.GTP_Get_Info      gt9xx.o
    0x08000794   0x08000794   0x00000060   Code   RO         5869    i.GTP_I2C_Read      gt9xx.o
    0x080007f4   0x080007f4   0x00000084   Code   RO         5871    i.GTP_I2C_Test      gt9xx.o
    0x08000878   0x08000878   0x00000048   Code   RO         5872    i.GTP_I2C_Write     gt9xx.o
    0x080008c0   0x080008c0   0x000001b4   Code   RO         5875    i.GTP_Init_Panel    gt9xx.o
    0x08000a74   0x08000a74   0x0000011c   Code   RO         5876    i.GTP_Read_Version  gt9xx.o
    0x08000b90   0x08000b90   0x00000028   Code   RO         5880    i.GTP_Touch_Up      gt9xx.o
    0x08000bb8   0x08000bb8   0x00000048   Code   RO         5713    i.GetGBKCode_from_EXFlash  fonts.o
    0x08000c00   0x08000c00   0x00000090   Code   RO         5297    i.Get_HzMat         bsp_nt35510_lcd.o
    0x08000c90   0x08000c90   0x000001c8   Code   RO         5882    i.Goodix_TS_Work_Func  gt9xx.o
    0x08000e58   0x08000e58   0x00000046   Code   RO         1211    i.HAL_DMA_Abort     stm32f1xx_hal_dma.o
    0x08000e9e   0x08000e9e   0x00000002   PAD
    0x08000ea0   0x08000ea0   0x00000130   Code   RO         1212    i.HAL_DMA_Abort_IT  stm32f1xx_hal_dma.o
    0x08000fd0   0x08000fd0   0x00000024   Code   RO          839    i.HAL_Delay         stm32f1xx_hal.o
    0x08000ff4   0x08000ff4   0x00000080   Code   RO          438    i.HAL_FSMC_MspInit  fsmc.o
    0x08001074   0x08001074   0x000001f8   Code   RO         1147    i.HAL_GPIO_Init     stm32f1xx_hal_gpio.o
    0x0800126c   0x0800126c   0x0000000a   Code   RO         1149    i.HAL_GPIO_ReadPin  stm32f1xx_hal_gpio.o
    0x08001276   0x08001276   0x00000010   Code   RO         1150    i.HAL_GPIO_TogglePin  stm32f1xx_hal_gpio.o
    0x08001286   0x08001286   0x0000000a   Code   RO         1151    i.HAL_GPIO_WritePin  stm32f1xx_hal_gpio.o
    0x08001290   0x08001290   0x0000000c   Code   RO          843    i.HAL_GetTick       stm32f1xx_hal.o
    0x0800129c   0x0800129c   0x00000010   Code   RO          849    i.HAL_IncTick       stm32f1xx_hal.o
    0x080012ac   0x080012ac   0x00000024   Code   RO          850    i.HAL_Init          stm32f1xx_hal.o
    0x080012d0   0x080012d0   0x00000074   Code   RO          757    i.HAL_InitTick      stm32f1xx_hal_timebase_tim.o
    0x08001344   0x08001344   0x00000048   Code   RO          733    i.HAL_MspInit       stm32f1xx_hal_msp.o
    0x0800138c   0x0800138c   0x00000022   Code   RO         1306    i.HAL_NVIC_DisableIRQ  stm32f1xx_hal_cortex.o
    0x080013ae   0x080013ae   0x0000001a   Code   RO         1307    i.HAL_NVIC_EnableIRQ  stm32f1xx_hal_cortex.o
    0x080013c8   0x080013c8   0x00000040   Code   RO         1313    i.HAL_NVIC_SetPriority  stm32f1xx_hal_cortex.o
    0x08001408   0x08001408   0x00000024   Code   RO         1314    i.HAL_NVIC_SetPriorityGrouping  stm32f1xx_hal_cortex.o
    0x0800142c   0x0800142c   0x0000000c   Code   RO         1429    i.HAL_PWR_EnableBkUpAccess  stm32f1xx_hal_pwr.o
    0x08001438   0x08001438   0x000000d4   Code   RO         1109    i.HAL_RCCEx_GetPeriphCLKFreq  stm32f1xx_hal_rcc_ex.o
    0x0800150c   0x0800150c   0x000000ec   Code   RO         1110    i.HAL_RCCEx_PeriphCLKConfig  stm32f1xx_hal_rcc_ex.o
    0x080015f8   0x080015f8   0x00000002   Code   RO         1006    i.HAL_RCC_CSSCallback  stm32f1xx_hal_rcc.o
    0x080015fa   0x080015fa   0x00000002   PAD
    0x080015fc   0x080015fc   0x0000012c   Code   RO         1007    i.HAL_RCC_ClockConfig  stm32f1xx_hal_rcc.o
    0x08001728   0x08001728   0x0000000c   Code   RO         1010    i.HAL_RCC_EnableCSS  stm32f1xx_hal_rcc.o
    0x08001734   0x08001734   0x00000040   Code   RO         1011    i.HAL_RCC_GetClockConfig  stm32f1xx_hal_rcc.o
    0x08001774   0x08001774   0x00000020   Code   RO         1014    i.HAL_RCC_GetPCLK1Freq  stm32f1xx_hal_rcc.o
    0x08001794   0x08001794   0x00000020   Code   RO         1015    i.HAL_RCC_GetPCLK2Freq  stm32f1xx_hal_rcc.o
    0x080017b4   0x080017b4   0x0000006c   Code   RO         1016    i.HAL_RCC_GetSysClockFreq  stm32f1xx_hal_rcc.o
    0x08001820   0x08001820   0x00000018   Code   RO         1018    i.HAL_RCC_NMI_IRQHandler  stm32f1xx_hal_rcc.o
    0x08001838   0x08001838   0x00000320   Code   RO         1019    i.HAL_RCC_OscConfig  stm32f1xx_hal_rcc.o
    0x08001b58   0x08001b58   0x00000010   Code   RO         2238    i.HAL_RTCEx_BKUPRead  stm32f1xx_hal_rtc_ex.o
    0x08001b68   0x08001b68   0x00000010   Code   RO         2239    i.HAL_RTCEx_BKUPWrite  stm32f1xx_hal_rtc_ex.o
    0x08001b78   0x08001b78   0x000000a0   Code   RO         2076    i.HAL_RTC_Init      stm32f1xx_hal_rtc.o
    0x08001c18   0x08001c18   0x00000034   Code   RO          487    i.HAL_RTC_MspInit   rtc.o
    0x08001c4c   0x08001c4c   0x000000c4   Code   RO         2082    i.HAL_RTC_SetDate   stm32f1xx_hal_rtc.o
    0x08001d10   0x08001d10   0x000000ac   Code   RO         2083    i.HAL_RTC_SetTime   stm32f1xx_hal_rtc.o
    0x08001dbc   0x08001dbc   0x0000003a   Code   RO         2084    i.HAL_RTC_WaitForSynchro  stm32f1xx_hal_rtc.o
    0x08001df6   0x08001df6   0x000000b2   Code   RO         2351    i.HAL_SPI_Init      stm32f1xx_hal_spi.o
    0x08001ea8   0x08001ea8   0x00000084   Code   RO          561    i.HAL_SPI_MspInit   spi.o
    0x08001f2c   0x08001f2c   0x00000064   Code   RO         1937    i.HAL_SRAM_Init     stm32f1xx_hal_sram.o
    0x08001f90   0x08001f90   0x00000004   Code   RO          440    i.HAL_SRAM_MspInit  fsmc.o
    0x08001f94   0x08001f94   0x00000002   Code   RO         3368    i.HAL_TIMEx_BreakCallback  stm32f1xx_hal_tim_ex.o
    0x08001f96   0x08001f96   0x00000002   Code   RO         3369    i.HAL_TIMEx_CommutCallback  stm32f1xx_hal_tim_ex.o
    0x08001f98   0x08001f98   0x0000005a   Code   RO         2664    i.HAL_TIM_Base_Init  stm32f1xx_hal_tim.o
    0x08001ff2   0x08001ff2   0x00000002   Code   RO         2666    i.HAL_TIM_Base_MspInit  stm32f1xx_hal_tim.o
    0x08001ff4   0x08001ff4   0x0000006c   Code   RO         2669    i.HAL_TIM_Base_Start_IT  stm32f1xx_hal_tim.o
    0x08002060   0x08002060   0x00000002   Code   RO         2698    i.HAL_TIM_IC_CaptureCallback  stm32f1xx_hal_tim.o
    0x08002062   0x08002062   0x00000166   Code   RO         2712    i.HAL_TIM_IRQHandler  stm32f1xx_hal_tim.o
    0x080021c8   0x080021c8   0x00000002   Code   RO         2715    i.HAL_TIM_OC_DelayElapsedCallback  stm32f1xx_hal_tim.o
    0x080021ca   0x080021ca   0x00000002   Code   RO         2742    i.HAL_TIM_PWM_PulseFinishedCallback  stm32f1xx_hal_tim.o
    0x080021cc   0x080021cc   0x00000014   Code   RO          267    i.HAL_TIM_PeriodElapsedCallback  main.o
    0x080021e0   0x080021e0   0x00000002   Code   RO         2755    i.HAL_TIM_TriggerCallback  stm32f1xx_hal_tim.o
    0x080021e2   0x080021e2   0x00000002   Code   RO         3646    i.HAL_UARTEx_RxEventCallback  stm32f1xx_hal_uart.o
    0x080021e4   0x080021e4   0x00000002   Code   RO         3660    i.HAL_UART_ErrorCallback  stm32f1xx_hal_uart.o
    0x080021e6   0x080021e6   0x00000002   PAD
    0x080021e8   0x080021e8   0x0000020c   Code   RO         3663    i.HAL_UART_IRQHandler  stm32f1xx_hal_uart.o
    0x080023f4   0x080023f4   0x00000062   Code   RO         3664    i.HAL_UART_Init     stm32f1xx_hal_uart.o
    0x08002456   0x08002456   0x00000002   PAD
    0x08002458   0x08002458   0x00000080   Code   RO          603    i.HAL_UART_MspInit  usart.o
    0x080024d8   0x080024d8   0x0000002a   Code   RO         3669    i.HAL_UART_Receive_IT  stm32f1xx_hal_uart.o
    0x08002502   0x08002502   0x00000002   PAD
    0x08002504   0x08002504   0x0000007c   Code   RO          604    i.HAL_UART_RxCpltCallback  usart.o
    0x08002580   0x08002580   0x000000b2   Code   RO         3672    i.HAL_UART_Transmit  stm32f1xx_hal_uart.o
    0x08002632   0x08002632   0x00000002   Code   RO         3675    i.HAL_UART_TxCpltCallback  stm32f1xx_hal_uart.o
    0x08002634   0x08002634   0x00000002   Code   RO          665    i.HardFault_Handler  stm32f1xx_it.o
    0x08002636   0x08002636   0x00000002   PAD
    0x08002638   0x08002638   0x0000009c   Code   RO         5761    i.I2C_GPIO_Config   bsp_i2c_touch.o
    0x080026d4   0x080026d4   0x00000030   Code   RO         5762    i.I2C_GTP_IRQDisable  bsp_i2c_touch.o
    0x08002704   0x08002704   0x00000030   Code   RO         5763    i.I2C_GTP_IRQEnable  bsp_i2c_touch.o
    0x08002734   0x08002734   0x0000004c   Code   RO         5764    i.I2C_ReadBytes     bsp_i2c_touch.o
    0x08002780   0x08002780   0x00000060   Code   RO         5765    i.I2C_ResetChip     bsp_i2c_touch.o
    0x080027e0   0x080027e0   0x00000012   Code   RO         5766    i.I2C_Touch_Init    bsp_i2c_touch.o
    0x080027f2   0x080027f2   0x00000002   PAD
    0x080027f4   0x080027f4   0x00000046   Code   RO         5883    i.I2C_Transfer      gt9xx.o
    0x0800283a   0x0800283a   0x00000058   Code   RO         5767    i.I2C_WriteBytes    bsp_i2c_touch.o
    0x08002892   0x08002892   0x00000002   PAD
    0x08002894   0x08002894   0x0000000c   Code   RO         5301    i.LCD_SetColors     bsp_nt35510_lcd.o
    0x080028a0   0x080028a0   0x000000e4   Code   RO         5304    i.LCD_ShowChar      bsp_nt35510_lcd.o
    0x08002984   0x08002984   0x00000240   Code   RO         5305    i.LCD_Test          bsp_nt35510_lcd.o
    0x08002bc4   0x08002bc4   0x0000003c   Code   RO          382    i.MX_FREERTOS_Init  freertos.o
    0x08002c00   0x08002c00   0x00000094   Code   RO          441    i.MX_FSMC_Init      fsmc.o
    0x08002c94   0x08002c94   0x000000d0   Code   RO          358    i.MX_GPIO_Init      gpio.o
    0x08002d64   0x08002d64   0x00000094   Code   RO          488    i.MX_RTC_Init       rtc.o
    0x08002df8   0x08002df8   0x00000044   Code   RO          562    i.MX_SPI2_Init      spi.o
    0x08002e3c   0x08002e3c   0x00000044   Code   RO          605    i.MX_USART1_UART_Init  usart.o
    0x08002e80   0x08002e80   0x00000002   Code   RO          666    i.MemManage_Handler  stm32f1xx_it.o
    0x08002e82   0x08002e82   0x00000006   Code   RO          667    i.NMI_Handler       stm32f1xx_it.o
    0x08002e88   0x08002e88   0x00000014   Code   RO         5306    i.NT35510_BackLed_Control  bsp_nt35510_lcd.o
    0x08002e9c   0x08002e9c   0x00000020   Code   RO         5307    i.NT35510_Clear     bsp_nt35510_lcd.o
    0x08002ebc   0x08002ebc   0x00000014   Code   RO         5308    i.NT35510_ClearLine  bsp_nt35510_lcd.o
    0x08002ed0   0x08002ed0   0x00000010   Code   RO         5309    i.NT35510_Delay     bsp_nt35510_lcd.o
    0x08002ee0   0x08002ee0   0x00000088   Code   RO         5310    i.NT35510_DispChar_CH  bsp_nt35510_lcd.o
    0x08002f68   0x08002f68   0x00000070   Code   RO         5311    i.NT35510_DispChar_EN  bsp_nt35510_lcd.o
    0x08002fd8   0x08002fd8   0x0000004c   Code   RO         5312    i.NT35510_DispStringLine_EN  bsp_nt35510_lcd.o
    0x08003024   0x08003024   0x0000008c   Code   RO         5313    i.NT35510_DispStringLine_EN_CH  bsp_nt35510_lcd.o
    0x080030b0   0x080030b0   0x00000148   Code   RO         5322    i.NT35510_DrawCircle  bsp_nt35510_lcd.o
    0x080031f8   0x080031f8   0x0000009c   Code   RO         5323    i.NT35510_DrawLine  bsp_nt35510_lcd.o
    0x08003294   0x08003294   0x00000100   Code   RO         6027    i.NT35510_DrawLineCircle  palette.o
    0x08003394   0x08003394   0x00000028   Code   RO         5324    i.NT35510_DrawPoint  bsp_nt35510_lcd.o
    0x080033bc   0x080033bc   0x00000064   Code   RO         5325    i.NT35510_DrawRectangle  bsp_nt35510_lcd.o
    0x08003420   0x08003420   0x00000020   Code   RO         5326    i.NT35510_FillColor  bsp_nt35510_lcd.o
    0x08003440   0x08003440   0x000000bc   Code   RO         5327    i.NT35510_GPIO_Config  bsp_nt35510_lcd.o
    0x080034fc   0x080034fc   0x0000009c   Code   RO         5329    i.NT35510_GramScan  bsp_nt35510_lcd.o
    0x08003598   0x08003598   0x00000040   Code   RO         5330    i.NT35510_Init      bsp_nt35510_lcd.o
    0x080035d8   0x080035d8   0x00000064   Code   RO         5331    i.NT35510_OpenWindow  bsp_nt35510_lcd.o
    0x0800363c   0x0800363c   0x00000fa4   Code   RO         5332    i.NT35510_REG_Config  bsp_nt35510_lcd.o
    0x080045e0   0x080045e0   0x00000030   Code   RO         5333    i.NT35510_Rst       bsp_nt35510_lcd.o
    0x08004610   0x08004610   0x00000008   Code   RO         5334    i.NT35510_SetCursor  bsp_nt35510_lcd.o
    0x08004618   0x08004618   0x00000028   Code   RO         5335    i.NT35510_SetPointPixel  bsp_nt35510_lcd.o
    0x08004640   0x08004640   0x000000a8   Code   RO           15    i.Protocol_Decode   protocol.o
    0x080046e8   0x080046e8   0x00000012   Code   RO         2085    i.RTC_Bcd2ToByte    stm32f1xx_hal_rtc.o
    0x080046fa   0x080046fa   0x00000034   Code   RO         2088    i.RTC_EnterInitMode  stm32f1xx_hal_rtc.o
    0x0800472e   0x0800472e   0x00000002   PAD
    0x08004730   0x08004730   0x00000036   Code   RO         2089    i.RTC_ExitInitMode  stm32f1xx_hal_rtc.o
    0x08004766   0x08004766   0x00000004   Code   RO          489    i.RTC_Get_UnixTime  rtc.o
    0x0800476a   0x0800476a   0x0000000e   Code   RO         2090    i.RTC_ReadAlarmCounter  stm32f1xx_hal_rtc.o
    0x08004778   0x08004778   0x00000020   Code   RO         2091    i.RTC_ReadTimeCounter  stm32f1xx_hal_rtc.o
    0x08004798   0x08004798   0x00000028   Code   RO          491    i.RTC_Set_UnixTime  rtc.o
    0x080047c0   0x080047c0   0x00000056   Code   RO         2092    i.RTC_WeekDayNum    stm32f1xx_hal_rtc.o
    0x08004816   0x08004816   0x00000028   Code   RO         2093    i.RTC_WriteAlarmCounter  stm32f1xx_hal_rtc.o
    0x0800483e   0x0800483e   0x00000028   Code   RO         2094    i.RTC_WriteTimeCounter  stm32f1xx_hal_rtc.o
    0x08004866   0x08004866   0x00000002   PAD
    0x08004868   0x08004868   0x00000014   Code   RO          492    i.Read_UnixTime     rtc.o
    0x0800487c   0x0800487c   0x00000050   Code   RO         5590    i.SPI_FLASH_BufferRead  bsp_spi_flash.o
    0x080048cc   0x080048cc   0x0000004c   Code   RO         5593    i.SPI_FLASH_Init    bsp_spi_flash.o
    0x08004918   0x08004918   0x00000054   Code   RO         5599    i.SPI_FLASH_SendByte  bsp_spi_flash.o
    0x0800496c   0x0800496c   0x00000040   Code   RO         5606    i.SPI_TIMEOUT_UserCallback  bsp_spi_flash.o
    0x080049ac   0x080049ac   0x0000009c   Code   RO         5337    i.Show_Font         bsp_nt35510_lcd.o
    0x08004a48   0x08004a48   0x00000092   Code   RO         5338    i.Show_Str          bsp_nt35510_lcd.o
    0x08004ada   0x08004ada   0x0000000c   Code   RO          383    i.StartDefaultTask  freertos.o
    0x08004ae6   0x08004ae6   0x00000002   PAD
    0x08004ae8   0x08004ae8   0x00000094   Code   RO          384    i.Start_Led_Toggle  freertos.o
    0x08004b7c   0x08004b7c   0x0000002c   Code   RO         5218    i.SysTick_Handler   port.o
    0x08004ba8   0x08004ba8   0x00000082   Code   RO          268    i.SystemClock_Config  main.o
    0x08004c2a   0x08004c2a   0x00000002   Code   RO         3993    i.SystemInit        system_stm32f1xx.o
    0x08004c2c   0x08004c2c   0x0000000c   Code   RO          668    i.TIM7_IRQHandler   stm32f1xx_it.o
    0x08004c38   0x08004c38   0x0000008c   Code   RO         2757    i.TIM_Base_SetConfig  stm32f1xx_hal_tim.o
    0x08004cc4   0x08004cc4   0x00000054   Code   RO         6029    i.Touch_Button_Down  palette.o
    0x08004d18   0x08004d18   0x00000054   Code   RO         6031    i.Touch_Button_Up   palette.o
    0x08004d6c   0x08004d6c   0x00000010   Code   RO         3677    i.UART_DMAAbortOnError  stm32f1xx_hal_uart.o
    0x08004d7c   0x08004d7c   0x00000030   Code   RO         3687    i.UART_EndRxTransfer  stm32f1xx_hal_uart.o
    0x08004dac   0x08004dac   0x000000b6   Code   RO         3689    i.UART_Receive_IT   stm32f1xx_hal_uart.o
    0x08004e62   0x08004e62   0x00000002   PAD
    0x08004e64   0x08004e64   0x000000b8   Code   RO         3690    i.UART_SetConfig    stm32f1xx_hal_uart.o
    0x08004f1c   0x08004f1c   0x00000036   Code   RO         3692    i.UART_Start_Receive_IT  stm32f1xx_hal_uart.o
    0x08004f52   0x08004f52   0x00000064   Code   RO         3693    i.UART_WaitOnFlagUntilTimeout  stm32f1xx_hal_uart.o
    0x08004fb6   0x08004fb6   0x00000002   PAD
    0x08004fb8   0x08004fb8   0x0000000c   Code   RO          669    i.USART1_IRQHandler  stm32f1xx_it.o
    0x08004fc4   0x08004fc4   0x00000080   Code   RO          210    i.Unix_To_YMD_Time  unix.o
    0x08005044   0x08005044   0x00000002   Code   RO          670    i.UsageFault_Handler  stm32f1xx_it.o
    0x08005046   0x08005046   0x00000002   PAD
    0x08005048   0x08005048   0x00000028   Code   RO          493    i.Write_UnixTime    rtc.o
    0x08005070   0x08005070   0x0000006c   Code   RO          211    i.YMD_To_Unix_Time  unix.o
    0x080050dc   0x080050dc   0x00000020   Code   RO         6331    i.__0printf$8       mc_w.l(printf8.o)
    0x080050fc   0x080050fc   0x00000028   Code   RO         6333    i.__0sprintf$8      mc_w.l(printf8.o)
    0x08005124   0x08005124   0x00000020   Code   RO         1320    i.__NVIC_SetPriority  stm32f1xx_hal_cortex.o
    0x08005144   0x08005144   0x00000008   Code   RO         6438    i.__aeabi_errno_addr  mc_w.l(errno.o)
    0x0800514c   0x0800514c   0x0000000e   Code   RO         6500    i.__scatterload_copy  mc_w.l(handlers.o)
    0x0800515a   0x0800515a   0x00000002   Code   RO         6501    i.__scatterload_null  mc_w.l(handlers.o)
    0x0800515c   0x0800515c   0x0000000e   Code   RO         6502    i.__scatterload_zeroinit  mc_w.l(handlers.o)
    0x0800516a   0x0800516a   0x00000002   PAD
    0x0800516c   0x0800516c   0x00000404   Code   RO         6338    i._printf_core      mc_w.l(printf8.o)
    0x08005570   0x08005570   0x00000024   Code   RO         6339    i._printf_post_padding  mc_w.l(printf8.o)
    0x08005594   0x08005594   0x0000002e   Code   RO         6340    i._printf_pre_padding  mc_w.l(printf8.o)
    0x080055c2   0x080055c2   0x0000000a   Code   RO         6342    i._sputc            mc_w.l(printf8.o)
    0x080055cc   0x080055cc   0x00000026   Code   RO          212    i.applib_dt_is_leap_year  unix.o
    0x080055f2   0x080055f2   0x00000002   PAD
    0x080055f4   0x080055f4   0x00000028   Code   RO          213    i.applib_dt_last_day_of_mon  unix.o
    0x0800561c   0x0800561c   0x00000040   Code   RO         5714    i.font_init         fonts.o
    0x0800565c   0x0800565c   0x00000018   Code   RO          607    i.fputc             usart.o
    0x08005674   0x08005674   0x00000050   Code   RO         6385    i.free              mc_w.l(malloc.o)
    0x080056c4   0x080056c4   0x0000004c   Code   RO         5768    i.i2c_Ack           bsp_i2c_touch.o
    0x08005710   0x08005710   0x0000000c   Code   RO         5769    i.i2c_Delay         bsp_i2c_touch.o
    0x0800571c   0x0800571c   0x0000003c   Code   RO         5770    i.i2c_NAck          bsp_i2c_touch.o
    0x08005758   0x08005758   0x00000058   Code   RO         5771    i.i2c_ReadByte      bsp_i2c_touch.o
    0x080057b0   0x080057b0   0x00000068   Code   RO         5772    i.i2c_SendByte      bsp_i2c_touch.o
    0x08005818   0x08005818   0x00000048   Code   RO         5773    i.i2c_Start         bsp_i2c_touch.o
    0x08005860   0x08005860   0x00000038   Code   RO         5774    i.i2c_Stop          bsp_i2c_touch.o
    0x08005898   0x08005898   0x00000050   Code   RO         5775    i.i2c_WaitAck       bsp_i2c_touch.o
    0x080058e8   0x080058e8   0x00000036   Code   RO          269    i.main              main.o
    0x0800591e   0x0800591e   0x0000000c   Code   RO         4789    i.makeFreeRtosPriority  cmsis_os.o
    0x0800592a   0x0800592a   0x00000002   PAD
    0x0800592c   0x0800592c   0x0000006c   Code   RO         6386    i.malloc            mc_w.l(malloc.o)
    0x08005998   0x08005998   0x0000000e   Code   RO         4791    i.osDelay           cmsis_os.o
    0x080059a6   0x080059a6   0x0000000a   Code   RO         4794    i.osKernelStart     cmsis_os.o
    0x080059b0   0x080059b0   0x00000054   Code   RO         4828    i.osThreadCreate    cmsis_os.o
    0x08005a04   0x08005a04   0x00000070   Code   RO         4486    i.prvAddCurrentTaskToDelayedList  tasks.o
    0x08005a74   0x08005a74   0x000000d0   Code   RO         4487    i.prvAddNewTaskToReadyList  tasks.o
    0x08005b44   0x08005b44   0x00000034   Code   RO         4488    i.prvDeleteTCB      tasks.o
    0x08005b78   0x08005b78   0x0000004c   Code   RO         5156    i.prvHeapInit       heap_4.o
    0x08005bc4   0x08005bc4   0x00000060   Code   RO         4489    i.prvIdleTask       tasks.o
    0x08005c24   0x08005c24   0x0000008e   Code   RO         4490    i.prvInitialiseNewTask  tasks.o
    0x08005cb2   0x08005cb2   0x00000002   PAD
    0x08005cb4   0x08005cb4   0x0000004c   Code   RO         5157    i.prvInsertBlockIntoFreeList  heap_4.o
    0x08005d00   0x08005d00   0x00000020   Code   RO         4491    i.prvResetNextTaskUnblockTime  tasks.o
    0x08005d20   0x08005d20   0x00000028   Code   RO         5219    i.prvTaskExitError  port.o
    0x08005d48   0x08005d48   0x000000d8   Code   RO         5158    i.pvPortMalloc      heap_4.o
    0x08005e20   0x08005e20   0x00000024   Code   RO         5220    i.pxPortInitialiseStack  port.o
    0x08005e44   0x08005e44   0x00000026   Code   RO         4131    i.uxListRemove      list.o
    0x08005e6a   0x08005e6a   0x00000002   PAD
    0x08005e6c   0x08005e6c   0x00000014   Code   RO          385    i.vApplicationGetIdleTaskMemory  freertos.o
    0x08005e80   0x08005e80   0x00000016   Code   RO         4132    i.vListInitialise   list.o
    0x08005e96   0x08005e96   0x00000006   Code   RO         4133    i.vListInitialiseItem  list.o
    0x08005e9c   0x08005e9c   0x00000030   Code   RO         4134    i.vListInsert       list.o
    0x08005ecc   0x08005ecc   0x00000018   Code   RO         4135    i.vListInsertEnd    list.o
    0x08005ee4   0x08005ee4   0x00000040   Code   RO         5222    i.vPortEnterCritical  port.o
    0x08005f24   0x08005f24   0x00000028   Code   RO         5223    i.vPortExitCritical  port.o
    0x08005f4c   0x08005f4c   0x0000005c   Code   RO         5159    i.vPortFree         heap_4.o
    0x08005fa8   0x08005fa8   0x00000024   Code   RO         5224    i.vPortSetupTimerInterrupt  port.o
    0x08005fcc   0x08005fcc   0x0000004c   Code   RO         4499    i.vTaskDelay        tasks.o
    0x08006018   0x08006018   0x0000006c   Code   RO         4512    i.vTaskStartScheduler  tasks.o
    0x08006084   0x08006084   0x00000010   Code   RO         4514    i.vTaskSuspendAll   tasks.o
    0x08006094   0x08006094   0x0000005c   Code   RO         4515    i.vTaskSwitchContext  tasks.o
    0x080060f0   0x080060f0   0x000000a8   Code   RO         5226    i.xPortStartScheduler  port.o
    0x08006198   0x08006198   0x0000005a   Code   RO         4517    i.xTaskCreate       tasks.o
    0x080061f2   0x080061f2   0x00000056   Code   RO         4518    i.xTaskCreateStatic  tasks.o
    0x08006248   0x08006248   0x000000c8   Code   RO         4525    i.xTaskIncrementTick  tasks.o
    0x08006310   0x08006310   0x000000c4   Code   RO         4531    i.xTaskResumeAll    tasks.o
    0x080063d4   0x080063d4   0x0000000c   Data   RO          214    .constdata          unix.o
    0x080063e0   0x080063e0   0x00000038   Data   RO          387    .constdata          freertos.o
    0x08006418   0x08006418   0x00000010   Data   RO         3994    .constdata          system_stm32f1xx.o
    0x08006428   0x08006428   0x00000008   Data   RO         3995    .constdata          system_stm32f1xx.o
    0x08006430   0x08006430   0x000017c0   Data   RO         5717    .constdata          fonts.o
    0x08007bf0   0x08007bf0   0x00000474   Data   RO         5719    .constdata          fonts.o
    0x08008064   0x08008064   0x000005f0   Data   RO         5720    .constdata          fonts.o
    0x08008654   0x08008654   0x00000d5c   Data   RO         5721    .constdata          fonts.o
    0x080093b0   0x080093b0   0x00002f80   Data   RO         5722    .constdata          fonts.o
    0x0800c330   0x0800c330   0x00000114   Data   RO         5884    .constdata          gt9xx.o
    0x0800c444   0x0800c444   0x00000081   Data   RO         6465    .constdata          mc_w.l(ctype_o.o)
    0x0800c4c5   0x0800c4c5   0x00000003   PAD
    0x0800c4c8   0x0800c4c8   0x00000004   Data   RO         6466    .constdata          mc_w.l(ctype_o.o)
    0x0800c4cc   0x0800c4cc   0x00000018   Data   RO          388    .conststring        freertos.o
    0x0800c4e4   0x0800c4e4   0x000000a1   Data   RO         5901    .conststring        gt9xx.o
    0x0800c585   0x0800c585   0x00000003   PAD
    0x0800c588   0x0800c588   0x00000020   Data   RO         6498    Region$$Table       anon$$obj.o


    Execution Region RW_IRAM1 (Exec base: 0x20000000, Load base: 0x0800c5a8, Size: 0x00005f28, Max: 0x00010000, ABSOLUTE)

    Exec Addr    Load Addr    Size         Type   Attr      Idx    E Section Name        Object

    0x20000000   0x0800c5a8   0x0000000c   Data   RW          215    .data               unix.o
    0x2000000c   0x0800c5b4   0x00000008   Data   RW          389    .data               freertos.o
    0x20000014   0x0800c5bc   0x00000008   Data   RW          443    .data               fsmc.o
    0x2000001c   0x0800c5c4   0x00000003   Data   RW          609    .data               usart.o
    0x2000001f   0x0800c5c7   0x00000001   PAD
    0x20000020   0x0800c5c8   0x0000000c   Data   RW          857    .data               stm32f1xx_hal.o
    0x2000002c   0x0800c5d4   0x00000004   Data   RW         3996    .data               system_stm32f1xx.o
    0x20000030   0x0800c5d8   0x0000003c   Data   RW         4534    .data               tasks.o
    0x2000006c   0x0800c614   0x00000018   Data   RW         5164    .data               heap_4.o
    0x20000084   0x0800c62c   0x0000000c   Data   RW         5227    .data               port.o
    0x20000090   0x0800c638   0x00000010   Data   RW         5341    .data               bsp_nt35510_lcd.o
    0x200000a0   0x0800c648   0x00000004   Data   RW         5608    .data               bsp_spi_flash.o
    0x200000a4   0x0800c64c   0x00000008   Data   RW         5724    .data               fonts.o
    0x200000ac   0x0800c654   0x00000001   Data   RW         5726    .data               fonts.o
    0x200000ad   0x0800c655   0x00000001   PAD
    0x200000ae   0x0800c656   0x0000001e   Data   RW         5902    .data               gt9xx.o
    0x200000cc   0x0800c674   0x00000008   Data   RW         6033    .data               palette.o
    0x200000d4   0x0800c67c   0x00000004   Data   RW         6431    .data               mc_w.l(stdout.o)
    0x200000d8   0x0800c680   0x00000004   Data   RW         6436    .data               mc_w.l(mvars.o)
    0x200000dc   0x0800c684   0x00000004   Data   RW         6437    .data               mc_w.l(mvars.o)
    0x200000e0   0x0800c688   0x00000004   Data   RW         6441    .data               mc_w.l(errno.o)
    0x200000e4        -       0x00000254   Zero   RW          386    .bss                freertos.o
    0x20000338        -       0x00000048   Zero   RW          442    .bss                fsmc.o
    0x20000380        -       0x00000014   Zero   RW          494    .bss                rtc.o
    0x20000394        -       0x00000058   Zero   RW          563    .bss                spi.o
    0x200003ec        -       0x00000144   Zero   RW          608    .bss                usart.o
    0x20000530        -       0x00000048   Zero   RW          760    .bss                stm32f1xx_hal_timebase_tim.o
    0x20000578        -       0x000000f0   Zero   RW         4533    .bss                tasks.o
    0x20000668        -       0x00000c00   Zero   RW         5163    .bss                heap_4.o
    0x20001268        -       0x0000448e   Zero   RW         5340    .bss                bsp_nt35510_lcd.o
    0x200056f6   0x0800c68c   0x00000002   PAD
    0x200056f8        -       0x00000058   Zero   RW         5607    .bss                bsp_spi_flash.o
    0x20005750        -       0x00000021   Zero   RW         5715    .bss                fonts.o
    0x20005771   0x0800c68c   0x00000003   PAD
    0x20005774        -       0x000001b0   Zero   RW         6032    .bss                palette.o
    0x20005924   0x0800c68c   0x00000004   PAD
    0x20005928        -       0x00000200   Zero   RW            2    HEAP                startup_stm32f103xe.o
    0x20005b28        -       0x00000400   Zero   RW            1    STACK               startup_stm32f103xe.o


==============================================================================

Image component sizes


      Code (inc. data)   RO Data    RW Data    ZI Data      Debug   Object Name

      1078        102          0          0          0       8265   bsp_i2c_touch.o
      7078        244          0         16      17550      51852   bsp_nt35510_lcd.o
       304         76          0          4         88       2729   bsp_spi_flash.o
       120          0          0          0          0      22005   cmsis_os.o
         0          0          0          0          0      18040   event_groups.o
       136         10      24320          9         33       3181   fonts.o
       240         58         80          8        596       2790   freertos.o
       280         36          0          8         72       1999   fsmc.o
       208         12          0          0          0        955   gpio.o
      1834        544        437         30          0      11523   gt9xx.o
       460         24          0         24       3072       6951   heap_4.o
       138          0          0          0          0       3154   list.o
       208          6          0          0          0      32832   main.o
       716         36          0          8        432       5606   palette.o
       578         60          0         12          0       9884   port.o
       168         30          0          0          0     516461   protocol.o
       304         50          0          0         20       3419   rtc.o
       200         22          0          0         88       1497   spi.o
        36          8        304          0       1536        760   startup_stm32f103xe.o
       100         18          0         12          0       5562   stm32f1xx_hal.o
       192         14          0          0          0      28608   stm32f1xx_hal_cortex.o
       374          8          0          0          0       1711   stm32f1xx_hal_dma.o
       540         42          0          0          0       3936   stm32f1xx_hal_gpio.o
        72         10          0          0          0        786   stm32f1xx_hal_msp.o
        12          4          0          0          0        471   stm32f1xx_hal_pwr.o
      1374        118          0          0          0       6952   stm32f1xx_hal_rcc.o
       448         44          0          0          0       2441   stm32f1xx_hal_rcc_ex.o
       922         14          0          0          0       8836   stm32f1xx_hal_rtc.o
        32         10          0          0          0       1515   stm32f1xx_hal_rtc_ex.o
       178          0          0          0          0       1147   stm32f1xx_hal_spi.o
       100          0          0          0          0       1120   stm32f1xx_hal_sram.o
       706         40          0          0          0       6640   stm32f1xx_hal_tim.o
         4          0          0          0          0       1429   stm32f1xx_hal_tim_ex.o
       116         16          0          0         72       1299   stm32f1xx_hal_timebase_tim.o
      1432         10          0          0          0       9948   stm32f1xx_hal_uart.o
        40         12          0          0          0       3135   stm32f1xx_it.o
       232         14          0          0          0       3695   stm32f1xx_ll_fsmc.o
         0          0          0          0          0        400   stream_buffer.o
         2          0         24          4          0        995   system_stm32f1xx.o
      1506        110          0         60        240      15454   tasks.o
       314         10         12         12          0       3630   unix.o
       344         54          0          3        324       2619   usart.o

    ----------------------------------------------------------------------
     23166       1866      25212        212      24132     816232   Object Totals
         0          0         32          0          0          0   (incl. Generated)
        40          0          3          2          9          0   (incl. Padding)

    ----------------------------------------------------------------------

      Code (inc. data)   RO Data    RW Data    ZI Data      Debug   Library Member Name

        28          0          0          0          0         68   _chval.o
       158          0          0          0          0         92   _strtoul.o
        26          0          0          0          0         80   atoi.o
         8          4        133          0          0         68   ctype_o.o
         0          0          0          0          0          0   entry.o
         0          0          0          0          0          0   entry10a.o
         0          0          0          0          0          0   entry11a.o
         4          0          0          0          0          0   entry12b.o
         8          4          0          0          0          0   entry2.o
         4          0          0          0          0          0   entry5.o
         0          0          0          0          0          0   entry7b.o
         0          0          0          0          0          0   entry8b.o
         8          4          0          0          0          0   entry9a.o
         8          4          0          4          0         68   errno.o
        30          0          0          0          0          0   handlers.o
        36          8          0          0          0         68   init.o
        30          0          0          0          0         68   llshl.o
        32          0          0          0          0         68   llushr.o
       188         20          0          0          0        160   malloc.o
        26          0          0          0          0         80   memcmp.o
        36          0          0          0          0         68   memcpya.o
        36          0          0          0          0        108   memseta.o
         0          0          0          8          0          0   mvars.o
      1192         60          0          0          0        504   printf8.o
         0          0          0          4          0          0   stdout.o
        14          0          0          0          0         68   strlen.o
       112          0          0          0          0         88   strtol.o
        98          0          0          0          0         92   uldiv.o

    ----------------------------------------------------------------------
      2086        104        136         16          0       1748   Library Totals
         4          0          3          0          0          0   (incl. Padding)

    ----------------------------------------------------------------------

      Code (inc. data)   RO Data    RW Data    ZI Data      Debug   Library Name

      2082        104        133         16          0       1748   mc_w.l

    ----------------------------------------------------------------------
      2086        104        136         16          0       1748   Library Totals

    ----------------------------------------------------------------------

==============================================================================


      Code (inc. data)   RO Data    RW Data    ZI Data      Debug   

     25252       1970      25348        228      24132     806640   Grand Totals
     25252       1970      25348        228      24132     806640   ELF Image Totals
     25252       1970      25348        228          0          0   ROM Totals

==============================================================================

    Total RO  Size (Code + RO Data)                50600 (  49.41kB)
    Total RW  Size (RW Data + ZI Data)             24360 (  23.79kB)
    Total ROM Size (Code + RO Data + RW Data)      50828 (  49.64kB)

==============================================================================

